Archive member included to satisfy reference by file (symbol)

c:/st/stm32cubeide_1.5.1/stm32cubeide/plugins/com.st.stm32cube.ide.mcu.externaltools.gnu-tools-for-stm32.7-2018-q2-update.win32_1.5.0.202011040924/tools/bin/../lib/gcc/arm-none-eabi/7.3.1/../../../../arm-none-eabi/lib/thumb/v7e-m/fpv4-sp/hard\libc_nano.a(lib_a-errno.o)
                              Core/Src/syscalls.o (__errno)
c:/st/stm32cubeide_1.5.1/stm32cubeide/plugins/com.st.stm32cube.ide.mcu.externaltools.gnu-tools-for-stm32.7-2018-q2-update.win32_1.5.0.202011040924/tools/bin/../lib/gcc/arm-none-eabi/7.3.1/../../../../arm-none-eabi/lib/thumb/v7e-m/fpv4-sp/hard\libc_nano.a(lib_a-exit.o)
                              c:/st/stm32cubeide_1.5.1/stm32cubeide/plugins/com.st.stm32cube.ide.mcu.externaltools.gnu-tools-for-stm32.7-2018-q2-update.win32_1.5.0.202011040924/tools/bin/../lib/gcc/arm-none-eabi/7.3.1/../../../../arm-none-eabi/lib/thumb/v7e-m/fpv4-sp/hard/crt0.o (exit)
c:/st/stm32cubeide_1.5.1/stm32cubeide/plugins/com.st.stm32cube.ide.mcu.externaltools.gnu-tools-for-stm32.7-2018-q2-update.win32_1.5.0.202011040924/tools/bin/../lib/gcc/arm-none-eabi/7.3.1/../../../../arm-none-eabi/lib/thumb/v7e-m/fpv4-sp/hard\libc_nano.a(lib_a-impure.o)
                              c:/st/stm32cubeide_1.5.1/stm32cubeide/plugins/com.st.stm32cube.ide.mcu.externaltools.gnu-tools-for-stm32.7-2018-q2-update.win32_1.5.0.202011040924/tools/bin/../lib/gcc/arm-none-eabi/7.3.1/../../../../arm-none-eabi/lib/thumb/v7e-m/fpv4-sp/hard\libc_nano.a(lib_a-exit.o) (_global_impure_ptr)
c:/st/stm32cubeide_1.5.1/stm32cubeide/plugins/com.st.stm32cube.ide.mcu.externaltools.gnu-tools-for-stm32.7-2018-q2-update.win32_1.5.0.202011040924/tools/bin/../lib/gcc/arm-none-eabi/7.3.1/../../../../arm-none-eabi/lib/thumb/v7e-m/fpv4-sp/hard\libc_nano.a(lib_a-init.o)
                              c:/st/stm32cubeide_1.5.1/stm32cubeide/plugins/com.st.stm32cube.ide.mcu.externaltools.gnu-tools-for-stm32.7-2018-q2-update.win32_1.5.0.202011040924/tools/bin/../lib/gcc/arm-none-eabi/7.3.1/../../../../arm-none-eabi/lib/thumb/v7e-m/fpv4-sp/hard/crt0.o (__libc_init_array)
c:/st/stm32cubeide_1.5.1/stm32cubeide/plugins/com.st.stm32cube.ide.mcu.externaltools.gnu-tools-for-stm32.7-2018-q2-update.win32_1.5.0.202011040924/tools/bin/../lib/gcc/arm-none-eabi/7.3.1/../../../../arm-none-eabi/lib/thumb/v7e-m/fpv4-sp/hard\libc_nano.a(lib_a-memcpy-stub.o)
                              Middlewares/Third_Party/FreeRTOS/Source/CMSIS_RTOS_V2/cmsis_os2.o (memcpy)
c:/st/stm32cubeide_1.5.1/stm32cubeide/plugins/com.st.stm32cube.ide.mcu.externaltools.gnu-tools-for-stm32.7-2018-q2-update.win32_1.5.0.202011040924/tools/bin/../lib/gcc/arm-none-eabi/7.3.1/../../../../arm-none-eabi/lib/thumb/v7e-m/fpv4-sp/hard\libc_nano.a(lib_a-memset.o)
                              c:/st/stm32cubeide_1.5.1/stm32cubeide/plugins/com.st.stm32cube.ide.mcu.externaltools.gnu-tools-for-stm32.7-2018-q2-update.win32_1.5.0.202011040924/tools/bin/../lib/gcc/arm-none-eabi/7.3.1/../../../../arm-none-eabi/lib/thumb/v7e-m/fpv4-sp/hard/crt0.o (memset)
c:/st/stm32cubeide_1.5.1/stm32cubeide/plugins/com.st.stm32cube.ide.mcu.externaltools.gnu-tools-for-stm32.7-2018-q2-update.win32_1.5.0.202011040924/tools/bin/../lib/gcc/arm-none-eabi/7.3.1/../../../../arm-none-eabi/lib/thumb/v7e-m/fpv4-sp/hard\libc_nano.a(lib_a-sprintf.o)
                              Core/Src/console.o (sprintf)
c:/st/stm32cubeide_1.5.1/stm32cubeide/plugins/com.st.stm32cube.ide.mcu.externaltools.gnu-tools-for-stm32.7-2018-q2-update.win32_1.5.0.202011040924/tools/bin/../lib/gcc/arm-none-eabi/7.3.1/../../../../arm-none-eabi/lib/thumb/v7e-m/fpv4-sp/hard\libc_nano.a(lib_a-strlen.o)
                              Core/Src/console.o (strlen)
c:/st/stm32cubeide_1.5.1/stm32cubeide/plugins/com.st.stm32cube.ide.mcu.externaltools.gnu-tools-for-stm32.7-2018-q2-update.win32_1.5.0.202011040924/tools/bin/../lib/gcc/arm-none-eabi/7.3.1/../../../../arm-none-eabi/lib/thumb/v7e-m/fpv4-sp/hard\libc_nano.a(lib_a-nano-svfprintf.o)
                              c:/st/stm32cubeide_1.5.1/stm32cubeide/plugins/com.st.stm32cube.ide.mcu.externaltools.gnu-tools-for-stm32.7-2018-q2-update.win32_1.5.0.202011040924/tools/bin/../lib/gcc/arm-none-eabi/7.3.1/../../../../arm-none-eabi/lib/thumb/v7e-m/fpv4-sp/hard\libc_nano.a(lib_a-sprintf.o) (_svfprintf_r)
c:/st/stm32cubeide_1.5.1/stm32cubeide/plugins/com.st.stm32cube.ide.mcu.externaltools.gnu-tools-for-stm32.7-2018-q2-update.win32_1.5.0.202011040924/tools/bin/../lib/gcc/arm-none-eabi/7.3.1/../../../../arm-none-eabi/lib/thumb/v7e-m/fpv4-sp/hard\libc_nano.a(lib_a-nano-vfprintf_i.o)
                              c:/st/stm32cubeide_1.5.1/stm32cubeide/plugins/com.st.stm32cube.ide.mcu.externaltools.gnu-tools-for-stm32.7-2018-q2-update.win32_1.5.0.202011040924/tools/bin/../lib/gcc/arm-none-eabi/7.3.1/../../../../arm-none-eabi/lib/thumb/v7e-m/fpv4-sp/hard\libc_nano.a(lib_a-nano-svfprintf.o) (_printf_i)
[...]
Memory Configuration

Name             Origin             Length             Attributes
RAM              0x0000000020000000 0x0000000000050000 xrw
FLASH            0x0000000008000000 0x0000000000100000 xr
*default*        0x0000000000000000 0xffffffffffffffff

Linker script and memory map

LOAD c:/st/stm32cubeide_1.5.1/stm32cubeide/plugins/com.st.stm32cube.ide.mcu.externaltools.gnu-tools-for-stm32.7-2018-q2-update.win32_1.5.0.202011040924/tools/bin/../lib/gcc/arm-none-eabi/7.3.1/thumb/v7e-m/fpv4-sp/hard/crti.o
LOAD c:/st/stm32cubeide_1.5.1/stm32cubeide/plugins/com.st.stm32cube.ide.mcu.externaltools.gnu-tools-for-stm32.7-2018-q2-update.win32_1.5.0.202011040924/tools/bin/../lib/gcc/arm-none-eabi/7.3.1/thumb/v7e-m/fpv4-sp/hard/crtbegin.o
LOAD c:/st/stm32cubeide_1.5.1/stm32cubeide/plugins/com.st.stm32cube.ide.mcu.externaltools.gnu-tools-for-stm32.7-2018-q2-update.win32_1.5.0.202011040924/tools/bin/../lib/gcc/arm-none-eabi/7.3.1/../../../../arm-none-eabi/lib/thumb/v7e-m/fpv4-sp/hard/crt0.o
LOAD Core/Src/console.o
LOAD Core/Src/freertos.o
LOAD Core/Src/main.o
LOAD Core/Src/msg.o
LOAD Core/Src/sms.o
LOAD Core/Src/stm32f7xx_hal_msp.o
LOAD Core/Src/stm32f7xx_hal_timebase_tim.o
LOAD Core/Src/stm32f7xx_it.o
LOAD Core/Src/syscalls.o
LOAD Core/Src/sysmem.o
LOAD Core/Src/system_stm32f7xx.o
LOAD Core/Src/uart_handler.o
LOAD Core/Startup/startup_stm32f746zgtx.o
LOAD Drivers/STM32F7xx_HAL_Driver/Src/stm32f7xx_hal.o
LOAD Drivers/STM32F7xx_HAL_Driver/Src/stm32f7xx_hal_cortex.o
LOAD Drivers/STM32F7xx_HAL_Driver/Src/stm32f7xx_hal_dma.o
LOAD Drivers/STM32F7xx_HAL_Driver/Src/stm32f7xx_hal_dma_ex.o
LOAD Drivers/STM32F7xx_HAL_Driver/Src/stm32f7xx_hal_exti.o
LOAD Drivers/STM32F7xx_HAL_Driver/Src/stm32f7xx_hal_flash.o
LOAD Drivers/STM32F7xx_HAL_Driver/Src/stm32f7xx_hal_flash_ex.o
LOAD Drivers/STM32F7xx_HAL_Driver/Src/stm32f7xx_hal_gpio.o
LOAD Drivers/STM32F7xx_HAL_Driver/Src/stm32f7xx_hal_i2c.o
LOAD Drivers/STM32F7xx_HAL_Driver/Src/stm32f7xx_hal_i2c_ex.o
LOAD Drivers/STM32F7xx_HAL_Driver/Src/stm32f7xx_hal_pcd.o
LOAD Drivers/STM32F7xx_HAL_Driver/Src/stm32f7xx_hal_pcd_ex.o
LOAD Drivers/STM32F7xx_HAL_Driver/Src/stm32f7xx_hal_pwr.o
LOAD Drivers/STM32F7xx_HAL_Driver/Src/stm32f7xx_hal_pwr_ex.o
LOAD Drivers/STM32F7xx_HAL_Driver/Src/stm32f7xx_hal_rcc.o
LOAD Drivers/STM32F7xx_HAL_Driver/Src/stm32f7xx_hal_rcc_ex.o
LOAD Drivers/STM32F7xx_HAL_Driver/Src/stm32f7xx_hal_tim.o
LOAD Drivers/STM32F7xx_HAL_Driver/Src/stm32f7xx_hal_tim_ex.o
LOAD Drivers/STM32F7xx_HAL_Driver/Src/stm32f7xx_hal_uart.o
LOAD Drivers/STM32F7xx_HAL_Driver/Src/stm32f7xx_hal_uart_ex.o
LOAD Drivers/STM32F7xx_HAL_Driver/Src/stm32f7xx_ll_usb.o
LOAD Middlewares/Third_Party/FreeRTOS/Source/CMSIS_RTOS_V2/cmsis_os2.o
LOAD Middlewares/Third_Party/FreeRTOS/Source/croutine.o
LOAD Middlewares/Third_Party/FreeRTOS/Source/event_groups.o
LOAD Middlewares/Third_Party/FreeRTOS/Source/list.o
LOAD Middlewares/Third_Party/FreeRTOS/Source/queue.o
LOAD Middlewares/Third_Party/FreeRTOS/Source/stream_buffer.o
LOAD Middlewares/Third_Party/FreeRTOS/Source/tasks.o
LOAD Middlewares/Third_Party/FreeRTOS/Source/timers.o
LOAD Middlewares/Third_Party/FreeRTOS/Source/portable/GCC/ARM_CM7/r0p1/port.o
LOAD Middlewares/Third_Party/FreeRTOS/Source/portable/MemMang/heap_4.o
START GROUP
LOAD c:/st/stm32cubeide_1.5.1/stm32cubeide/plugins/com.st.stm32cube.ide.mcu.externaltools.gnu-tools-for-stm32.7-2018-q2-update.win32_1.5.0.202011040924/tools/bin/../lib/gcc/arm-none-eabi/7.3.1/../../../../arm-none-eabi/lib/thumb/v7e-m/fpv4-sp/hard\libc_nano.a
LOAD c:/st/stm32cubeide_1.5.1/stm32cubeide/plugins/com.st.stm32cube.ide.mcu.externaltools.gnu-tools-for-stm32.7-2018-q2-update.win32_1.5.0.202011040924/tools/bin/../lib/gcc/arm-none-eabi/7.3.1/../../../../arm-none-eabi/lib/thumb/v7e-m/fpv4-sp/hard\libm.a
END GROUP
START GROUP
LOAD c:/st/stm32cubeide_1.5.1/stm32cubeide/plugins/com.st.stm32cube.ide.mcu.externaltools.gnu-tools-for-stm32.7-2018-q2-update.win32_1.5.0.202011040924/tools/bin/../lib/gcc/arm-none-eabi/7.3.1/thumb/v7e-m/fpv4-sp/hard\libgcc.a
LOAD c:/st/stm32cubeide_1.5.1/stm32cubeide/plugins/com.st.stm32cube.ide.mcu.externaltools.gnu-tools-for-stm32.7-2018-q2-update.win32_1.5.0.202011040924/tools/bin/../lib/gcc/arm-none-eabi/7.3.1/../../../../arm-none-eabi/lib/thumb/v7e-m/fpv4-sp/hard\libc_nano.a
END GROUP
START GROUP
LOAD c:/st/stm32cubeide_1.5.1/stm32cubeide/plugins/com.st.stm32cube.ide.mcu.externaltools.gnu-tools-for-stm32.7-2018-q2-update.win32_1.5.0.202011040924/tools/bin/../lib/gcc/arm-none-eabi/7.3.1/thumb/v7e-m/fpv4-sp/hard\libgcc.a
LOAD c:/st/stm32cubeide_1.5.1/stm32cubeide/plugins/com.st.stm32cube.ide.mcu.externaltools.gnu-tools-for-stm32.7-2018-q2-update.win32_1.5.0.202011040924/tools/bin/../lib/gcc/arm-none-eabi/7.3.1/../../../../arm-none-eabi/lib/thumb/v7e-m/fpv4-sp/hard\libc_nano.a
LOAD c:/st/stm32cubeide_1.5.1/stm32cubeide/plugins/com.st.stm32cube.ide.mcu.externaltools.gnu-tools-for-stm32.7-2018-q2-update.win32_1.5.0.202011040924/tools/bin/../lib/gcc/arm-none-eabi/7.3.1/../../../../arm-none-eabi/lib/thumb/v7e-m/fpv4-sp/hard\libnosys.a
END GROUP
START GROUP
LOAD c:/st/stm32cubeide_1.5.1/stm32cubeide/plugins/com.st.stm32cube.ide.mcu.externaltools.gnu-tools-for-stm32.7-2018-q2-update.win32_1.5.0.202011040924/tools/bin/../lib/gcc/arm-none-eabi/7.3.1/thumb/v7e-m/fpv4-sp/hard\libgcc.a
LOAD c:/st/stm32cubeide_1.5.1/stm32cubeide/plugins/com.st.stm32cube.ide.mcu.externaltools.gnu-tools-for-stm32.7-2018-q2-update.win32_1.5.0.202011040924/tools/bin/../lib/gcc/arm-none-eabi/7.3.1/../../../../arm-none-eabi/lib/thumb/v7e-m/fpv4-sp/hard\libc_nano.a
LOAD c:/st/stm32cubeide_1.5.1/stm32cubeide/plugins/com.st.stm32cube.ide.mcu.externaltools.gnu-tools-for-stm32.7-2018-q2-update.win32_1.5.0.202011040924/tools/bin/../lib/gcc/arm-none-eabi/7.3.1/../../../../arm-none-eabi/lib/thumb/v7e-m/fpv4-sp/hard\libnosys.a
END GROUP
LOAD c:/st/stm32cubeide_1.5.1/stm32cubeide/plugins/com.st.stm32cube.ide.mcu.externaltools.gnu-tools-for-stm32.7-2018-q2-update.win32_1.5.0.202011040924/tools/bin/../lib/gcc/arm-none-eabi/7.3.1/thumb/v7e-m/fpv4-sp/hard/crtend.o
LOAD c:/st/stm32cubeide_1.5.1/stm32cubeide/plugins/com.st.stm32cube.ide.mcu.externaltools.gnu-tools-for-stm32.7-2018-q2-update.win32_1.5.0.202011040924/tools/bin/../lib/gcc/arm-none-eabi/7.3.1/thumb/v7e-m/fpv4-sp/hard/crtn.o
                0x0000000020050000                _estack = (ORIGIN (RAM) + LENGTH (RAM))
                0x0000000000000200                _Min_Heap_Size = 0x200
                0x0000000000000400                _Min_Stack_Size = 0x400

.isr_vector     0x0000000008000000      0x1c8
                0x0000000008000000                . = ALIGN (0x4)
 *(.isr_vector)
 .isr_vector    0x0000000008000000      0x1c8 Core/Startup/startup_stm32f746zgtx.o
                0x0000000008000000                g_pfnVectors
                0x00000000080001c8                . = ALIGN (0x4)

.text           0x00000000080001d0     0x6e04
                0x00000000080001d0                . = ALIGN (0x4)
 *(.text)
 .text          0x00000000080001d0       0x40 c:/st/stm32cubeide_1.5.1/stm32cubeide/plugins/com.st.stm32cube.ide.mcu.externaltools.gnu-tools-for-stm32.7-2018-q2-update.win32_1.5.0.202011040924/tools/bin/../lib/gcc/arm-none-eabi/7.3.1/thumb/v7e-m/fpv4-sp/hard/crtbegin.o
 .text          0x0000000008000210       0x10 c:/st/stm32cubeide_1.5.1/stm32cubeide/plugins/com.st.stm32cube.ide.mcu.externaltools.gnu-tools-for-stm32.7-2018-q2-update.win32_1.5.0.202011040924/tools/bin/../lib/gcc/arm-none-eabi/7.3.1/../../../../arm-none-eabi/lib/thumb/v7e-m/fpv4-sp/hard\libc_nano.a(lib_a-strlen.o)
                0x0000000008000210                strlen
 .text          0x0000000008000220       0x30 c:/st/stm32cubeide_1.5.1/stm32cubeide/plugins/com.st.stm32cube.ide.mcu.externaltools.gnu-tools-for-stm32.7-2018-q2-update.win32_1.5.0.202011040924/tools/bin/../lib/gcc/arm-none-eabi/7.3.1/thumb/v7e-m/fpv4-sp/hard\libgcc.a(_aeabi_uldivmod.o)
                0x0000000008000220                __aeabi_uldivmod
 .text          0x0000000008000250      0x2cc c:/st/stm32cubeide_1.5.1/stm32cubeide/plugins/com.st.stm32cube.ide.mcu.externaltools.gnu-tools-for-stm32.7-2018-q2-update.win32_1.5.0.202011040924/tools/bin/../lib/gcc/arm-none-eabi/7.3.1/thumb/v7e-m/fpv4-sp/hard\libgcc.a(_udivmoddi4.o)
                0x0000000008000250                __udivmoddi4
 .text          0x000000000800051c        0x4 c:/st/stm32cubeide_1.5.1/stm32cubeide/plugins/com.st.stm32cube.ide.mcu.externaltools.gnu-tools-for-stm32.7-2018-q2-update.win32_1.5.0.202011040924/tools/bin/../lib/gcc/arm-none-eabi/7.3.1/thumb/v7e-m/fpv4-sp/hard\libgcc.a(_dvmd_tls.o)
                0x000000000800051c                __aeabi_idiv0
                0x000000000800051c                __aeabi_ldiv0
 *(.text*)
 .text.ConsoleWr
                0x0000000008000520       0x50 Core/Src/console.o
                0x0000000008000520                ConsoleWr
 .text.ConsoleNewline
                0x0000000008000570       0x34 Core/Src/console.o
                0x0000000008000570                ConsoleNewline
 .text.main     0x00000000080005a4      0x190 Core/Src/main.o
                0x00000000080005a4                main
 .text.SystemClock_Config
                0x0000000008000734      0x120 Core/Src/main.o
                0x0000000008000734                SystemClock_Config
 .text.MX_USART3_UART_Init
                0x0000000008000854       0x8c Core/Src/main.o
 .text.MX_USB_OTG_FS_PCD_Init
                0x00000000080008e0       0x5c Core/Src/main.o
 .text.MX_GPIO_Init
                0x000000000800093c      0x1cc Core/Src/main.o
 .text.StartDefaultTask
                0x0000000008000b08       0x20 Core/Src/main.o
                0x0000000008000b08                StartDefaultTask
 .text.StartSendRadio
                0x0000000008000b28       0x10 Core/Src/main.o
                0x0000000008000b28                StartSendRadio
 .text.StartReceiveRadio
                0x0000000008000b38       0x1e Core/Src/main.o
                0x0000000008000b38                StartReceiveRadio
 .text.StartSendSms
                0x0000000008000b56       0x10 Core/Src/main.o
                0x0000000008000b56                StartSendSms
 *fill*         0x0000000008000b66        0x2 
 .text.StartReceiveSms
                0x0000000008000b68       0x28 Core/Src/main.o
                0x0000000008000b68                StartReceiveSms
 .text.CallbackScanKeypad
                0x0000000008000b90       0x14 Core/Src/main.o
                0x0000000008000b90                CallbackScanKeypad
 .text.HAL_TIM_PeriodElapsedCallback
                0x0000000008000ba4       0x24 Core/Src/main.o
                0x0000000008000ba4                HAL_TIM_PeriodElapsedCallback
 .text.Error_Handler
                0x0000000008000bc8        0x8 Core/Src/main.o
                0x0000000008000bc8                Error_Handler
 .text.msg_initialize
                0x0000000008000bd0       0x18 Core/Src/msg.o
                0x0000000008000bd0                msg_initialize
 .text.HAL_MspInit
                0x0000000008000be8       0x50 Core/Src/stm32f7xx_hal_msp.o
                0x0000000008000be8                HAL_MspInit
 .text.HAL_UART_MspInit
                0x0000000008000c38       0x98 Core/Src/stm32f7xx_hal_msp.o
                0x0000000008000c38                HAL_UART_MspInit
 .text.HAL_PCD_MspInit
                0x0000000008000cd0       0xb8 Core/Src/stm32f7xx_hal_msp.o
                0x0000000008000cd0                HAL_PCD_MspInit
 .text.HAL_InitTick
                0x0000000008000d88       0xb0 Core/Src/stm32f7xx_hal_timebase_tim.o
                0x0000000008000d88                HAL_InitTick
 .text.NMI_Handler
                0x0000000008000e38        0x6 Core/Src/stm32f7xx_it.o
                0x0000000008000e38                NMI_Handler
 .text.HardFault_Handler
                0x0000000008000e3e        0x6 Core/Src/stm32f7xx_it.o
                0x0000000008000e3e                HardFault_Handler
 .text.MemManage_Handler
                0x0000000008000e44        0x6 Core/Src/stm32f7xx_it.o
                0x0000000008000e44                MemManage_Handler
 .text.BusFault_Handler
                0x0000000008000e4a        0x6 Core/Src/stm32f7xx_it.o
                0x0000000008000e4a                BusFault_Handler
 .text.UsageFault_Handler
                0x0000000008000e50        0x6 Core/Src/stm32f7xx_it.o
                0x0000000008000e50                UsageFault_Handler
 .text.DebugMon_Handler
                0x0000000008000e56        0xe Core/Src/stm32f7xx_it.o
                0x0000000008000e56                DebugMon_Handler
 .text.USART3_IRQHandler
                0x0000000008000e64       0x94 Core/Src/stm32f7xx_it.o
                0x0000000008000e64                USART3_IRQHandler
 .text.TIM7_IRQHandler
                0x0000000008000ef8       0x14 Core/Src/stm32f7xx_it.o
                0x0000000008000ef8                TIM7_IRQHandler
 .text.SystemInit
                0x0000000008000f0c       0x2c Core/Src/system_stm32f7xx.o
                0x0000000008000f0c                SystemInit
 .text.Reset_Handler
                0x0000000008000f38       0x50 Core/Startup/startup_stm32f746zgtx.o
                0x0000000008000f38                Reset_Handler
 .text.Default_Handler
                0x0000000008000f88        0x2 Core/Startup/startup_stm32f746zgtx.o
                0x0000000008000f88                RTC_Alarm_IRQHandler
                0x0000000008000f88                EXTI2_IRQHandler
                0x0000000008000f88                TIM8_CC_IRQHandler
                0x0000000008000f88                UART8_IRQHandler
                0x0000000008000f88                SPI4_IRQHandler
                0x0000000008000f88                TIM1_CC_IRQHandler
                0x0000000008000f88                DMA2_Stream5_IRQHandler
                0x0000000008000f88                DMA1_Stream5_IRQHandler
                0x0000000008000f88                PVD_IRQHandler
                0x0000000008000f88                TAMP_STAMP_IRQHandler
                0x0000000008000f88                CAN2_RX1_IRQHandler
                0x0000000008000f88                EXTI3_IRQHandler
                0x0000000008000f88                TIM8_TRG_COM_TIM14_IRQHandler
                0x0000000008000f88                TIM1_UP_TIM10_IRQHandler
                0x0000000008000f88                TIM8_UP_TIM13_IRQHandler
                0x0000000008000f88                I2C3_ER_IRQHandler
                0x0000000008000f88                EXTI0_IRQHandler
                0x0000000008000f88                I2C2_EV_IRQHandler
                0x0000000008000f88                DMA1_Stream2_IRQHandler
                0x0000000008000f88                CAN1_RX0_IRQHandler
                0x0000000008000f88                FPU_IRQHandler
                0x0000000008000f88                OTG_HS_WKUP_IRQHandler
                0x0000000008000f88                LTDC_ER_IRQHandler
                0x0000000008000f88                CAN2_SCE_IRQHandler
                0x0000000008000f88                DMA2_Stream2_IRQHandler
                0x0000000008000f88                SPI1_IRQHandler
                0x0000000008000f88                TIM6_DAC_IRQHandler
                0x0000000008000f88                TIM1_BRK_TIM9_IRQHandler
                0x0000000008000f88                DCMI_IRQHandler
                0x0000000008000f88                CAN2_RX0_IRQHandler
                0x0000000008000f88                DMA2_Stream3_IRQHandler
                0x0000000008000f88                SAI2_IRQHandler
                0x0000000008000f88                USART6_IRQHandler
                0x0000000008000f88                CAN1_RX1_IRQHandler
                0x0000000008000f88                UART5_IRQHandler
                0x0000000008000f88                DMA2_Stream0_IRQHandler
                0x0000000008000f88                TIM4_IRQHandler
                0x0000000008000f88                QUADSPI_IRQHandler
                0x0000000008000f88                I2C1_EV_IRQHandler
                0x0000000008000f88                DMA1_Stream6_IRQHandler
                0x0000000008000f88                DMA1_Stream1_IRQHandler
                0x0000000008000f88                UART4_IRQHandler
                0x0000000008000f88                TIM3_IRQHandler
                0x0000000008000f88                RCC_IRQHandler
                0x0000000008000f88                TIM8_BRK_TIM12_IRQHandler
                0x0000000008000f88                Default_Handler
                0x0000000008000f88                CEC_IRQHandler
                0x0000000008000f88                EXTI15_10_IRQHandler
                0x0000000008000f88                ADC_IRQHandler
                0x0000000008000f88                DMA1_Stream7_IRQHandler
                0x0000000008000f88                SPI5_IRQHandler
                0x0000000008000f88                SDMMC1_IRQHandler
                0x0000000008000f88                CAN2_TX_IRQHandler
                0x0000000008000f88                TIM5_IRQHandler
                0x0000000008000f88                DMA2_Stream7_IRQHandler
                0x0000000008000f88                I2C3_EV_IRQHandler
                0x0000000008000f88                EXTI9_5_IRQHandler
                0x0000000008000f88                RTC_WKUP_IRQHandler
                0x0000000008000f88                LTDC_IRQHandler
                0x0000000008000f88                ETH_WKUP_IRQHandler
                0x0000000008000f88                SPDIF_RX_IRQHandler
                0x0000000008000f88                SPI2_IRQHandler
                0x0000000008000f88                OTG_HS_EP1_IN_IRQHandler
                0x0000000008000f88                DMA1_Stream0_IRQHandler
                0x0000000008000f88                CAN1_TX_IRQHandler
                0x0000000008000f88                EXTI4_IRQHandler
                0x0000000008000f88                RNG_IRQHandler
                0x0000000008000f88                ETH_IRQHandler
                0x0000000008000f88                OTG_HS_EP1_OUT_IRQHandler
                0x0000000008000f88                WWDG_IRQHandler
                0x0000000008000f88                SPI6_IRQHandler
                0x0000000008000f88                I2C4_EV_IRQHandler
                0x0000000008000f88                TIM2_IRQHandler
                0x0000000008000f88                OTG_FS_WKUP_IRQHandler
                0x0000000008000f88                TIM1_TRG_COM_TIM11_IRQHandler
                0x0000000008000f88                OTG_HS_IRQHandler
                0x0000000008000f88                DMA2D_IRQHandler
                0x0000000008000f88                EXTI1_IRQHandler
                0x0000000008000f88                UART7_IRQHandler
                0x0000000008000f88                USART2_IRQHandler
                0x0000000008000f88                I2C2_ER_IRQHandler
                0x0000000008000f88                DMA2_Stream1_IRQHandler
                0x0000000008000f88                CAN1_SCE_IRQHandler
                0x0000000008000f88                FLASH_IRQHandler
                0x0000000008000f88                DMA2_Stream4_IRQHandler
                0x0000000008000f88                USART1_IRQHandler
                0x0000000008000f88                OTG_FS_IRQHandler
                0x0000000008000f88                SPI3_IRQHandler
                0x0000000008000f88                DMA1_Stream4_IRQHandler
                0x0000000008000f88                I2C1_ER_IRQHandler
                0x0000000008000f88                FMC_IRQHandler
                0x0000000008000f88                LPTIM1_IRQHandler
                0x0000000008000f88                I2C4_ER_IRQHandler
                0x0000000008000f88                DMA2_Stream6_IRQHandler
                0x0000000008000f88                SAI1_IRQHandler
                0x0000000008000f88                DMA1_Stream3_IRQHandler
 .text.HAL_Init
                0x0000000008000f8a       0x1a Drivers/STM32F7xx_HAL_Driver/Src/stm32f7xx_hal.o
                0x0000000008000f8a                HAL_Init
 .text.HAL_IncTick
                0x0000000008000fa4       0x28 Drivers/STM32F7xx_HAL_Driver/Src/stm32f7xx_hal.o
                0x0000000008000fa4                HAL_IncTick
 .text.HAL_GetTick
                0x0000000008000fcc       0x18 Drivers/STM32F7xx_HAL_Driver/Src/stm32f7xx_hal.o
                0x0000000008000fcc                HAL_GetTick
 .text.HAL_Delay
                0x0000000008000fe4       0x44 Drivers/STM32F7xx_HAL_Driver/Src/stm32f7xx_hal.o
                0x0000000008000fe4                HAL_Delay
 .text.__NVIC_SetPriorityGrouping
                0x0000000008001028       0x48 Drivers/STM32F7xx_HAL_Driver/Src/stm32f7xx_hal_cortex.o
 .text.__NVIC_GetPriorityGrouping
                0x0000000008001070       0x1c Drivers/STM32F7xx_HAL_Driver/Src/stm32f7xx_hal_cortex.o
 .text.__NVIC_EnableIRQ
                0x000000000800108c       0x3c Drivers/STM32F7xx_HAL_Driver/Src/stm32f7xx_hal_cortex.o
 .text.__NVIC_SetPriority
                0x00000000080010c8       0x54 Drivers/STM32F7xx_HAL_Driver/Src/stm32f7xx_hal_cortex.o
 .text.NVIC_EncodePriority
                0x000000000800111c       0x66 Drivers/STM32F7xx_HAL_Driver/Src/stm32f7xx_hal_cortex.o
 .text.HAL_NVIC_SetPriorityGrouping
                0x0000000008001182       0x16 Drivers/STM32F7xx_HAL_Driver/Src/stm32f7xx_hal_cortex.o
                0x0000000008001182                HAL_NVIC_SetPriorityGrouping
 .text.HAL_NVIC_SetPriority
                0x0000000008001198       0x38 Drivers/STM32F7xx_HAL_Driver/Src/stm32f7xx_hal_cortex.o
                0x0000000008001198                HAL_NVIC_SetPriority
 .text.HAL_NVIC_EnableIRQ
                0x00000000080011d0       0x1c Drivers/STM32F7xx_HAL_Driver/Src/stm32f7xx_hal_cortex.o
                0x00000000080011d0                HAL_NVIC_EnableIRQ
 .text.HAL_GPIO_Init
                0x00000000080011ec      0x354 Drivers/STM32F7xx_HAL_Driver/Src/stm32f7xx_hal_gpio.o
                0x00000000080011ec                HAL_GPIO_Init
 .text.HAL_GPIO_WritePin
                0x0000000008001540       0x32 Drivers/STM32F7xx_HAL_Driver/Src/stm32f7xx_hal_gpio.o
                0x0000000008001540                HAL_GPIO_WritePin
 .text.HAL_GPIO_TogglePin
                0x0000000008001572       0x34 Drivers/STM32F7xx_HAL_Driver/Src/stm32f7xx_hal_gpio.o
                0x0000000008001572                HAL_GPIO_TogglePin
 .text.HAL_PCD_Init
                0x00000000080015a6      0x248 Drivers/STM32F7xx_HAL_Driver/Src/stm32f7xx_hal_pcd.o
                0x00000000080015a6                HAL_PCD_Init
 *fill*         0x00000000080017ee        0x2 
 .text.HAL_PCDEx_ActivateLPM
                0x00000000080017f0       0x48 Drivers/STM32F7xx_HAL_Driver/Src/stm32f7xx_hal_pcd_ex.o
                0x00000000080017f0                HAL_PCDEx_ActivateLPM
 .text.HAL_PWR_EnableBkUpAccess
                0x0000000008001838       0x20 Drivers/STM32F7xx_HAL_Driver/Src/stm32f7xx_hal_pwr.o
                0x0000000008001838                HAL_PWR_EnableBkUpAccess
 .text.HAL_RCC_OscConfig
                0x0000000008001858      0x548 Drivers/STM32F7xx_HAL_Driver/Src/stm32f7xx_hal_rcc.o
                0x0000000008001858                HAL_RCC_OscConfig
 .text.HAL_RCC_ClockConfig
                0x0000000008001da0      0x1d8 Drivers/STM32F7xx_HAL_Driver/Src/stm32f7xx_hal_rcc.o
                0x0000000008001da0                HAL_RCC_ClockConfig
 .text.HAL_RCC_GetSysClockFreq
                0x0000000008001f78      0x1b0 Drivers/STM32F7xx_HAL_Driver/Src/stm32f7xx_hal_rcc.o
                0x0000000008001f78                HAL_RCC_GetSysClockFreq
 .text.HAL_RCC_GetHCLKFreq
                0x0000000008002128       0x18 Drivers/STM32F7xx_HAL_Driver/Src/stm32f7xx_hal_rcc.o
                0x0000000008002128                HAL_RCC_GetHCLKFreq
 .text.HAL_RCC_GetPCLK1Freq
                0x0000000008002140       0x28 Drivers/STM32F7xx_HAL_Driver/Src/stm32f7xx_hal_rcc.o
                0x0000000008002140                HAL_RCC_GetPCLK1Freq
 .text.HAL_RCC_GetPCLK2Freq
                0x0000000008002168       0x28 Drivers/STM32F7xx_HAL_Driver/Src/stm32f7xx_hal_rcc.o
                0x0000000008002168                HAL_RCC_GetPCLK2Freq
 .text.HAL_RCC_GetClockConfig
                0x0000000008002190       0x64 Drivers/STM32F7xx_HAL_Driver/Src/stm32f7xx_hal_rcc.o
                0x0000000008002190                HAL_RCC_GetClockConfig
 .text.HAL_RCCEx_PeriphCLKConfig
                0x00000000080021f4      0x7dc Drivers/STM32F7xx_HAL_Driver/Src/stm32f7xx_hal_rcc_ex.o
                0x00000000080021f4                HAL_RCCEx_PeriphCLKConfig
 .text.HAL_TIM_Base_Init
                0x00000000080029d0       0x56 Drivers/STM32F7xx_HAL_Driver/Src/stm32f7xx_hal_tim.o
                0x00000000080029d0                HAL_TIM_Base_Init
 .text.HAL_TIM_Base_MspInit
                0x0000000008002a26       0x14 Drivers/STM32F7xx_HAL_Driver/Src/stm32f7xx_hal_tim.o
                0x0000000008002a26                HAL_TIM_Base_MspInit
 *fill*         0x0000000008002a3a        0x2 
 .text.HAL_TIM_Base_Start_IT
                0x0000000008002a3c       0x54 Drivers/STM32F7xx_HAL_Driver/Src/stm32f7xx_hal_tim.o
                0x0000000008002a3c                HAL_TIM_Base_Start_IT
 .text.HAL_TIM_IRQHandler
                0x0000000008002a90      0x23e Drivers/STM32F7xx_HAL_Driver/Src/stm32f7xx_hal_tim.o
                0x0000000008002a90                HAL_TIM_IRQHandler
 .text.HAL_TIM_OC_DelayElapsedCallback
                0x0000000008002cce       0x14 Drivers/STM32F7xx_HAL_Driver/Src/stm32f7xx_hal_tim.o
                0x0000000008002cce                HAL_TIM_OC_DelayElapsedCallback
 .text.HAL_TIM_IC_CaptureCallback
                0x0000000008002ce2       0x14 Drivers/STM32F7xx_HAL_Driver/Src/stm32f7xx_hal_tim.o
                0x0000000008002ce2                HAL_TIM_IC_CaptureCallback
 .text.HAL_TIM_PWM_PulseFinishedCallback
                0x0000000008002cf6       0x14 Drivers/STM32F7xx_HAL_Driver/Src/stm32f7xx_hal_tim.o
                0x0000000008002cf6                HAL_TIM_PWM_PulseFinishedCallback
 .text.HAL_TIM_TriggerCallback
                0x0000000008002d0a       0x14 Drivers/STM32F7xx_HAL_Driver/Src/stm32f7xx_hal_tim.o
                0x0000000008002d0a                HAL_TIM_TriggerCallback
 *fill*         0x0000000008002d1e        0x2 
 .text.TIM_Base_SetConfig
                0x0000000008002d20      0x140 Drivers/STM32F7xx_HAL_Driver/Src/stm32f7xx_hal_tim.o
                0x0000000008002d20                TIM_Base_SetConfig
 .text.HAL_TIMEx_CommutCallback
                0x0000000008002e60       0x14 Drivers/STM32F7xx_HAL_Driver/Src/stm32f7xx_hal_tim_ex.o
                0x0000000008002e60                HAL_TIMEx_CommutCallback
 .text.HAL_TIMEx_BreakCallback
                0x0000000008002e74       0x14 Drivers/STM32F7xx_HAL_Driver/Src/stm32f7xx_hal_tim_ex.o
                0x0000000008002e74                HAL_TIMEx_BreakCallback
 .text.HAL_TIMEx_Break2Callback
                0x0000000008002e88       0x14 Drivers/STM32F7xx_HAL_Driver/Src/stm32f7xx_hal_tim_ex.o
                0x0000000008002e88                HAL_TIMEx_Break2Callback
 .text.HAL_UART_Init
                0x0000000008002e9c       0x9c Drivers/STM32F7xx_HAL_Driver/Src/stm32f7xx_hal_uart.o
                0x0000000008002e9c                HAL_UART_Init
 .text.HAL_UART_Transmit
                0x0000000008002f38      0x122 Drivers/STM32F7xx_HAL_Driver/Src/stm32f7xx_hal_uart.o
                0x0000000008002f38                HAL_UART_Transmit
 *fill*         0x000000000800305a        0x2 
 .text.UART_SetConfig
                0x000000000800305c      0x554 Drivers/STM32F7xx_HAL_Driver/Src/stm32f7xx_hal_uart.o
                0x000000000800305c                UART_SetConfig
 .text.UART_AdvFeatureConfig
                0x00000000080035b0      0x144 Drivers/STM32F7xx_HAL_Driver/Src/stm32f7xx_hal_uart.o
                0x00000000080035b0                UART_AdvFeatureConfig
 .text.UART_CheckIdleState
                0x00000000080036f4       0x5e Drivers/STM32F7xx_HAL_Driver/Src/stm32f7xx_hal_uart.o
                0x00000000080036f4                UART_CheckIdleState
 .text.UART_WaitOnFlagUntilTimeout
                0x0000000008003752       0xf6 Drivers/STM32F7xx_HAL_Driver/Src/stm32f7xx_hal_uart.o
                0x0000000008003752                UART_WaitOnFlagUntilTimeout
 .text.USB_CoreInit
                0x0000000008003848       0xb0 Drivers/STM32F7xx_HAL_Driver/Src/stm32f7xx_ll_usb.o
                0x0000000008003848                USB_CoreInit
 .text.USB_DisableGlobalInt
                0x00000000080038f8       0x22 Drivers/STM32F7xx_HAL_Driver/Src/stm32f7xx_ll_usb.o
                0x00000000080038f8                USB_DisableGlobalInt
 .text.USB_SetCurrentMode
                0x000000000800391a       0x54 Drivers/STM32F7xx_HAL_Driver/Src/stm32f7xx_ll_usb.o
                0x000000000800391a                USB_SetCurrentMode
 *fill*         0x000000000800396e        0x2 
 .text.USB_DevInit
                0x0000000008003970      0x2dc Drivers/STM32F7xx_HAL_Driver/Src/stm32f7xx_ll_usb.o
                0x0000000008003970                USB_DevInit
 .text.USB_FlushTxFifo
                0x0000000008003c4c       0x4c Drivers/STM32F7xx_HAL_Driver/Src/stm32f7xx_ll_usb.o
                0x0000000008003c4c                USB_FlushTxFifo
 .text.USB_FlushRxFifo
                0x0000000008003c98       0x44 Drivers/STM32F7xx_HAL_Driver/Src/stm32f7xx_ll_usb.o
                0x0000000008003c98                USB_FlushRxFifo
 .text.USB_SetDevSpeed
                0x0000000008003cdc       0x32 Drivers/STM32F7xx_HAL_Driver/Src/stm32f7xx_ll_usb.o
                0x0000000008003cdc                USB_SetDevSpeed
 .text.USB_DevDisconnect
                0x0000000008003d0e       0x30 Drivers/STM32F7xx_HAL_Driver/Src/stm32f7xx_ll_usb.o
                0x0000000008003d0e                USB_DevDisconnect
 *fill*         0x0000000008003d3e        0x2 
 .text.USB_CoreReset
                0x0000000008003d40       0x68 Drivers/STM32F7xx_HAL_Driver/Src/stm32f7xx_ll_usb.o
 .text.SVC_Setup
                0x0000000008003da8        0xe Middlewares/Third_Party/FreeRTOS/Source/CMSIS_RTOS_V2/cmsis_os2.o
 *fill*         0x0000000008003db6        0x2 
 .text.osKernelInitialize
                0x0000000008003db8       0x68 Middlewares/Third_Party/FreeRTOS/Source/CMSIS_RTOS_V2/cmsis_os2.o
                0x0000000008003db8                osKernelInitialize
 .text.osKernelStart
                0x0000000008003e20       0x6c Middlewares/Third_Party/FreeRTOS/Source/CMSIS_RTOS_V2/cmsis_os2.o
                0x0000000008003e20                osKernelStart
 .text.osThreadNew
                0x0000000008003e8c      0x14c Middlewares/Third_Party/FreeRTOS/Source/CMSIS_RTOS_V2/cmsis_os2.o
                0x0000000008003e8c                osThreadNew
 .text.osDelay  0x0000000008003fd8       0x5c Middlewares/Third_Party/FreeRTOS/Source/CMSIS_RTOS_V2/cmsis_os2.o
                0x0000000008003fd8                osDelay
 .text.TimerCallback
                0x0000000008004034       0x2a Middlewares/Third_Party/FreeRTOS/Source/CMSIS_RTOS_V2/cmsis_os2.o
 *fill*         0x000000000800405e        0x2 
 .text.osTimerNew
                0x0000000008004060      0x108 Middlewares/Third_Party/FreeRTOS/Source/CMSIS_RTOS_V2/cmsis_os2.o
                0x0000000008004060                osTimerNew
 .text.osTimerStart
                0x0000000008004168       0x80 Middlewares/Third_Party/FreeRTOS/Source/CMSIS_RTOS_V2/cmsis_os2.o
                0x0000000008004168                osTimerStart
 .text.osSemaphoreNew
                0x00000000080041e8      0x13c Middlewares/Third_Party/FreeRTOS/Source/CMSIS_RTOS_V2/cmsis_os2.o
                0x00000000080041e8                osSemaphoreNew
 .text.osMessageQueueNew
                0x0000000008004324      0x10c Middlewares/Third_Party/FreeRTOS/Source/CMSIS_RTOS_V2/cmsis_os2.o
                0x0000000008004324                osMessageQueueNew
 .text.vApplicationGetIdleTaskMemory
                0x0000000008004430       0x34 Middlewares/Third_Party/FreeRTOS/Source/CMSIS_RTOS_V2/cmsis_os2.o
                0x0000000008004430                vApplicationGetIdleTaskMemory
 .text.vApplicationGetTimerTaskMemory
                0x0000000008004464       0x34 Middlewares/Third_Party/FreeRTOS/Source/CMSIS_RTOS_V2/cmsis_os2.o
                0x0000000008004464                vApplicationGetTimerTaskMemory
 .text.vListInitialise
                0x0000000008004498       0x40 Middlewares/Third_Party/FreeRTOS/Source/list.o
                0x0000000008004498                vListInitialise
 .text.vListInitialiseItem
                0x00000000080044d8       0x1a Middlewares/Third_Party/FreeRTOS/Source/list.o
                0x00000000080044d8                vListInitialiseItem
 .text.vListInsertEnd
                0x00000000080044f2       0x48 Middlewares/Third_Party/FreeRTOS/Source/list.o
                0x00000000080044f2                vListInsertEnd
 .text.vListInsert
                0x000000000800453a       0x72 Middlewares/Third_Party/FreeRTOS/Source/list.o
                0x000000000800453a                vListInsert
 .text.uxListRemove
                0x00000000080045ac       0x54 Middlewares/Third_Party/FreeRTOS/Source/list.o
                0x00000000080045ac                uxListRemove
 .text.xQueueGenericReset
                0x0000000008004600       0xb8 Middlewares/Third_Party/FreeRTOS/Source/queue.o
                0x0000000008004600                xQueueGenericReset
 .text.xQueueGenericCreateStatic
                0x00000000080046b8       0xfa Middlewares/Third_Party/FreeRTOS/Source/queue.o
                0x00000000080046b8                xQueueGenericCreateStatic
 .text.xQueueGenericCreate
                0x00000000080047b2       0x82 Middlewares/Third_Party/FreeRTOS/Source/queue.o
                0x00000000080047b2                xQueueGenericCreate
 .text.prvInitialiseNewQueue
                0x0000000008004834       0x46 Middlewares/Third_Party/FreeRTOS/Source/queue.o
 .text.xQueueCreateCountingSemaphoreStatic
                0x000000000800487a       0x72 Middlewares/Third_Party/FreeRTOS/Source/queue.o
                0x000000000800487a                xQueueCreateCountingSemaphoreStatic
 .text.xQueueCreateCountingSemaphore
                0x00000000080048ec       0x6a Middlewares/Third_Party/FreeRTOS/Source/queue.o
                0x00000000080048ec                xQueueCreateCountingSemaphore
 *fill*         0x0000000008004956        0x2 
 .text.xQueueGenericSend
                0x0000000008004958      0x1d4 Middlewares/Third_Party/FreeRTOS/Source/queue.o
                0x0000000008004958                xQueueGenericSend
 .text.xQueueGenericSendFromISR
                0x0000000008004b2c      0x138 Middlewares/Third_Party/FreeRTOS/Source/queue.o
                0x0000000008004b2c                xQueueGenericSendFromISR
 .text.xQueueReceive
                0x0000000008004c64      0x1b0 Middlewares/Third_Party/FreeRTOS/Source/queue.o
                0x0000000008004c64                xQueueReceive
 .text.vQueueDelete
                0x0000000008004e14       0x48 Middlewares/Third_Party/FreeRTOS/Source/queue.o
                0x0000000008004e14                vQueueDelete
 .text.prvCopyDataToQueue
                0x0000000008004e5c       0xd4 Middlewares/Third_Party/FreeRTOS/Source/queue.o
 .text.prvCopyDataFromQueue
                0x0000000008004f30       0x4c Middlewares/Third_Party/FreeRTOS/Source/queue.o
 .text.prvUnlockQueue
                0x0000000008004f7c       0xa4 Middlewares/Third_Party/FreeRTOS/Source/queue.o
 .text.prvIsQueueEmpty
                0x0000000008005020       0x2c Middlewares/Third_Party/FreeRTOS/Source/queue.o
 .text.prvIsQueueFull
                0x000000000800504c       0x30 Middlewares/Third_Party/FreeRTOS/Source/queue.o
 .text.vQueueAddToRegistry
                0x000000000800507c       0x50 Middlewares/Third_Party/FreeRTOS/Source/queue.o
                0x000000000800507c                vQueueAddToRegistry
 .text.vQueueUnregisterQueue
                0x00000000080050cc       0x54 Middlewares/Third_Party/FreeRTOS/Source/queue.o
                0x00000000080050cc                vQueueUnregisterQueue
 .text.vQueueWaitForMessageRestricted
                0x0000000008005120       0x68 Middlewares/Third_Party/FreeRTOS/Source/queue.o
                0x0000000008005120                vQueueWaitForMessageRestricted
 .text.xTaskCreateStatic
                0x0000000008005188       0xc0 Middlewares/Third_Party/FreeRTOS/Source/tasks.o
                0x0000000008005188                xTaskCreateStatic
 .text.xTaskCreate
                0x0000000008005248       0x8a Middlewares/Third_Party/FreeRTOS/Source/tasks.o
                0x0000000008005248                xTaskCreate
 .text.prvInitialiseNewTask
                0x00000000080052d2      0x120 Middlewares/Third_Party/FreeRTOS/Source/tasks.o
 *fill*         0x00000000080053f2        0x2 
 .text.prvAddNewTaskToReadyList
                0x00000000080053f4       0xc0 Middlewares/Third_Party/FreeRTOS/Source/tasks.o
 .text.vTaskDelay
                0x00000000080054b4       0x6c Middlewares/Third_Party/FreeRTOS/Source/tasks.o
                0x00000000080054b4                vTaskDelay
 .text.vTaskStartScheduler
                0x0000000008005520       0xd0 Middlewares/Third_Party/FreeRTOS/Source/tasks.o
                0x0000000008005520                vTaskStartScheduler
 .text.vTaskSuspendAll
                0x00000000080055f0       0x1c Middlewares/Third_Party/FreeRTOS/Source/tasks.o
                0x00000000080055f0                vTaskSuspendAll
 .text.xTaskResumeAll
                0x000000000800560c      0x120 Middlewares/Third_Party/FreeRTOS/Source/tasks.o
                0x000000000800560c                xTaskResumeAll
 .text.xTaskGetTickCount
                0x000000000800572c       0x20 Middlewares/Third_Party/FreeRTOS/Source/tasks.o
                0x000000000800572c                xTaskGetTickCount
 .text.xTaskIncrementTick
                0x000000000800574c      0x130 Middlewares/Third_Party/FreeRTOS/Source/tasks.o
                0x000000000800574c                xTaskIncrementTick
 .text.vTaskSwitchContext
                0x000000000800587c       0xbc Middlewares/Third_Party/FreeRTOS/Source/tasks.o
                0x000000000800587c                vTaskSwitchContext
 .text.vTaskPlaceOnEventList
                0x0000000008005938       0x4c Middlewares/Third_Party/FreeRTOS/Source/tasks.o
                0x0000000008005938                vTaskPlaceOnEventList
 .text.vTaskPlaceOnEventListRestricted
                0x0000000008005984       0x58 Middlewares/Third_Party/FreeRTOS/Source/tasks.o
                0x0000000008005984                vTaskPlaceOnEventListRestricted
 .text.xTaskRemoveFromEventList
                0x00000000080059dc       0xc8 Middlewares/Third_Party/FreeRTOS/Source/tasks.o
                0x00000000080059dc                xTaskRemoveFromEventList
 .text.vTaskInternalSetTimeOutState
                0x0000000008005aa4       0x2c Middlewares/Third_Party/FreeRTOS/Source/tasks.o
                0x0000000008005aa4                vTaskInternalSetTimeOutState
 .text.xTaskCheckForTimeOut
                0x0000000008005ad0       0xc8 Middlewares/Third_Party/FreeRTOS/Source/tasks.o
                0x0000000008005ad0                xTaskCheckForTimeOut
 .text.vTaskMissedYield
                0x0000000008005b98       0x18 Middlewares/Third_Party/FreeRTOS/Source/tasks.o
                0x0000000008005b98                vTaskMissedYield
 .text.prvIdleTask
                0x0000000008005bb0       0x24 Middlewares/Third_Party/FreeRTOS/Source/tasks.o
 .text.prvInitialiseTaskLists
                0x0000000008005bd4       0x80 Middlewares/Third_Party/FreeRTOS/Source/tasks.o
 .text.prvCheckTasksWaitingTermination
                0x0000000008005c54       0x58 Middlewares/Third_Party/FreeRTOS/Source/tasks.o
 .text.prvDeleteTCB
                0x0000000008005cac       0x60 Middlewares/Third_Party/FreeRTOS/Source/tasks.o
 .text.prvResetNextTaskUnblockTime
                0x0000000008005d0c       0x40 Middlewares/Third_Party/FreeRTOS/Source/tasks.o
 .text.xTaskGetSchedulerState
                0x0000000008005d4c       0x3c Middlewares/Third_Party/FreeRTOS/Source/tasks.o
                0x0000000008005d4c                xTaskGetSchedulerState
 .text.xTaskPriorityDisinherit
                0x0000000008005d88       0xe0 Middlewares/Third_Party/FreeRTOS/Source/tasks.o
                0x0000000008005d88                xTaskPriorityDisinherit
 .text.prvAddCurrentTaskToDelayedList
                0x0000000008005e68       0xa8 Middlewares/Third_Party/FreeRTOS/Source/tasks.o
 .text.xTimerCreateTimerTask
                0x0000000008005f10       0x94 Middlewares/Third_Party/FreeRTOS/Source/timers.o
                0x0000000008005f10                xTimerCreateTimerTask
 .text.xTimerCreate
                0x0000000008005fa4       0x42 Middlewares/Third_Party/FreeRTOS/Source/timers.o
                0x0000000008005fa4                xTimerCreate
 .text.xTimerCreateStatic
                0x0000000008005fe6       0x80 Middlewares/Third_Party/FreeRTOS/Source/timers.o
                0x0000000008005fe6                xTimerCreateStatic
 .text.prvInitialiseNewTimer
                0x0000000008006066       0x78 Middlewares/Third_Party/FreeRTOS/Source/timers.o
 *fill*         0x00000000080060de        0x2 
 .text.xTimerGenericCommand
                0x00000000080060e0       0x9c Middlewares/Third_Party/FreeRTOS/Source/timers.o
                0x00000000080060e0                xTimerGenericCommand
 .text.prvProcessExpiredTimer
                0x000000000800617c       0x9c Middlewares/Third_Party/FreeRTOS/Source/timers.o
 .text.prvTimerTask
                0x0000000008006218       0x24 Middlewares/Third_Party/FreeRTOS/Source/timers.o
 .text.prvProcessTimerOrBlockTask
                0x000000000800623c       0x9c Middlewares/Third_Party/FreeRTOS/Source/timers.o
 .text.prvGetNextExpireTime
                0x00000000080062d8       0x48 Middlewares/Third_Party/FreeRTOS/Source/timers.o
 .text.prvSampleTimeNow
                0x0000000008006320       0x40 Middlewares/Third_Party/FreeRTOS/Source/timers.o
 .text.prvInsertTimerInActiveList
                0x0000000008006360       0x84 Middlewares/Third_Party/FreeRTOS/Source/timers.o
 .text.prvProcessReceivedCommands
                0x00000000080063e4      0x1c4 Middlewares/Third_Party/FreeRTOS/Source/timers.o
 .text.prvSwitchTimerLists
                0x00000000080065a8       0xcc Middlewares/Third_Party/FreeRTOS/Source/timers.o
 .text.prvCheckForValidListAndQueue
                0x0000000008006674       0x80 Middlewares/Third_Party/FreeRTOS/Source/timers.o
 .text.pvTimerGetTimerID
                0x00000000080066f4       0x42 Middlewares/Third_Party/FreeRTOS/Source/timers.o
                0x00000000080066f4                pvTimerGetTimerID
 *fill*         0x0000000008006736        0x2 
 .text.pxPortInitialiseStack
                0x0000000008006738       0x68 Middlewares/Third_Party/FreeRTOS/Source/portable/GCC/ARM_CM7/r0p1/port.o
                0x0000000008006738                pxPortInitialiseStack
 .text.prvTaskExitError
                0x00000000080067a0       0x5c Middlewares/Third_Party/FreeRTOS/Source/portable/GCC/ARM_CM7/r0p1/port.o
 *fill*         0x00000000080067fc        0x4 
 .text.SVC_Handler
                0x0000000008006800       0x28 Middlewares/Third_Party/FreeRTOS/Source/portable/GCC/ARM_CM7/r0p1/port.o
                0x0000000008006800                SVC_Handler
 .text.prvPortStartFirstTask
                0x0000000008006828       0x28 Middlewares/Third_Party/FreeRTOS/Source/portable/GCC/ARM_CM7/r0p1/port.o
 .text.xPortStartScheduler
                0x0000000008006850       0xf8 Middlewares/Third_Party/FreeRTOS/Source/portable/GCC/ARM_CM7/r0p1/port.o
                0x0000000008006850                xPortStartScheduler
 .text.vPortEnterCritical
                0x0000000008006948       0x64 Middlewares/Third_Party/FreeRTOS/Source/portable/GCC/ARM_CM7/r0p1/port.o
                0x0000000008006948                vPortEnterCritical
 .text.vPortExitCritical
                0x00000000080069ac       0x54 Middlewares/Third_Party/FreeRTOS/Source/portable/GCC/ARM_CM7/r0p1/port.o
                0x00000000080069ac                vPortExitCritical
 .text.PendSV_Handler
                0x0000000008006a00       0x68 Middlewares/Third_Party/FreeRTOS/Source/portable/GCC/ARM_CM7/r0p1/port.o
                0x0000000008006a00                PendSV_Handler
 .text.SysTick_Handler
                0x0000000008006a68       0x44 Middlewares/Third_Party/FreeRTOS/Source/portable/GCC/ARM_CM7/r0p1/port.o
                0x0000000008006a68                SysTick_Handler
 .text.vPortSetupTimerInterrupt
                0x0000000008006aac       0x48 Middlewares/Third_Party/FreeRTOS/Source/portable/GCC/ARM_CM7/r0p1/port.o
                0x0000000008006aac                vPortSetupTimerInterrupt
 .text.vPortEnableVFP
                0x0000000008006af4       0x14 Middlewares/Third_Party/FreeRTOS/Source/portable/GCC/ARM_CM7/r0p1/port.o
 .text.vPortValidateInterruptPriority
                0x0000000008006b08       0x84 Middlewares/Third_Party/FreeRTOS/Source/portable/GCC/ARM_CM7/r0p1/port.o
                0x0000000008006b08                vPortValidateInterruptPriority
 .text.pvPortMalloc
                0x0000000008006b8c      0x190 Middlewares/Third_Party/FreeRTOS/Source/portable/MemMang/heap_4.o
                0x0000000008006b8c                pvPortMalloc
 .text.vPortFree
                0x0000000008006d1c       0xb8 Middlewares/Third_Party/FreeRTOS/Source/portable/MemMang/heap_4.o
                0x0000000008006d1c                vPortFree
 .text.prvHeapInit
                0x0000000008006dd4       0xc4 Middlewares/Third_Party/FreeRTOS/Source/portable/MemMang/heap_4.o
 .text.prvInsertBlockIntoFreeList
                0x0000000008006e98       0xb4 Middlewares/Third_Party/FreeRTOS/Source/portable/MemMang/heap_4.o
 .text.__libc_init_array
                0x0000000008006f4c       0x48 c:/st/stm32cubeide_1.5.1/stm32cubeide/plugins/com.st.stm32cube.ide.mcu.externaltools.gnu-tools-for-stm32.7-2018-q2-update.win32_1.5.0.202011040924/tools/bin/../lib/gcc/arm-none-eabi/7.3.1/../../../../arm-none-eabi/lib/thumb/v7e-m/fpv4-sp/hard\libc_nano.a(lib_a-init.o)
                0x0000000008006f4c                __libc_init_array
 .text.memcpy   0x0000000008006f94       0x16 c:/st/stm32cubeide_1.5.1/stm32cubeide/plugins/com.st.stm32cube.ide.mcu.externaltools.gnu-tools-for-stm32.7-2018-q2-update.win32_1.5.0.202011040924/tools/bin/../lib/gcc/arm-none-eabi/7.3.1/../../../../arm-none-eabi/lib/thumb/v7e-m/fpv4-sp/hard\libc_nano.a(lib_a-memcpy-stub.o)
                0x0000000008006f94                memcpy
 .text.memset   0x0000000008006faa       0x10 c:/st/stm32cubeide_1.5.1/stm32cubeide/plugins/com.st.stm32cube.ide.mcu.externaltools.gnu-tools-for-stm32.7-2018-q2-update.win32_1.5.0.202011040924/tools/bin/../lib/gcc/arm-none-eabi/7.3.1/../../../../arm-none-eabi/lib/thumb/v7e-m/fpv4-sp/hard\libc_nano.a(lib_a-memset.o)
                0x0000000008006faa                memset
 *(.glue_7)
 .glue_7        0x0000000008006fba        0x0 linker stubs
 *(.glue_7t)
 .glue_7t       0x0000000008006fba        0x0 linker stubs
 *(.eh_frame)
 *fill*         0x0000000008006fba        0x2 
 .eh_frame      0x0000000008006fbc        0x0 c:/st/stm32cubeide_1.5.1/stm32cubeide/plugins/com.st.stm32cube.ide.mcu.externaltools.gnu-tools-for-stm32.7-2018-q2-update.win32_1.5.0.202011040924/tools/bin/../lib/gcc/arm-none-eabi/7.3.1/thumb/v7e-m/fpv4-sp/hard/crtbegin.o
 *(.init)
 .init          0x0000000008006fbc        0x4 c:/st/stm32cubeide_1.5.1/stm32cubeide/plugins/com.st.stm32cube.ide.mcu.externaltools.gnu-tools-for-stm32.7-2018-q2-update.win32_1.5.0.202011040924/tools/bin/../lib/gcc/arm-none-eabi/7.3.1/thumb/v7e-m/fpv4-sp/hard/crti.o
                0x0000000008006fbc                _init
 .init          0x0000000008006fc0        0x8 c:/st/stm32cubeide_1.5.1/stm32cubeide/plugins/com.st.stm32cube.ide.mcu.externaltools.gnu-tools-for-stm32.7-2018-q2-update.win32_1.5.0.202011040924/tools/bin/../lib/gcc/arm-none-eabi/7.3.1/thumb/v7e-m/fpv4-sp/hard/crtn.o
 *(.fini)
 .fini          0x0000000008006fc8        0x4 c:/st/stm32cubeide_1.5.1/stm32cubeide/plugins/com.st.stm32cube.ide.mcu.externaltools.gnu-tools-for-stm32.7-2018-q2-update.win32_1.5.0.202011040924/tools/bin/../lib/gcc/arm-none-eabi/7.3.1/thumb/v7e-m/fpv4-sp/hard/crti.o
                0x0000000008006fc8                _fini
 .fini          0x0000000008006fcc        0x8 c:/st/stm32cubeide_1.5.1/stm32cubeide/plugins/com.st.stm32cube.ide.mcu.externaltools.gnu-tools-for-stm32.7-2018-q2-update.win32_1.5.0.202011040924/tools/bin/../lib/gcc/arm-none-eabi/7.3.1/thumb/v7e-m/fpv4-sp/hard/crtn.o
                0x0000000008006fd4                . = ALIGN (0x4)
                0x0000000008006fd4                _etext = .

.vfp11_veneer   0x0000000008006fd4        0x0
 .vfp11_veneer  0x0000000008006fd4        0x0 linker stubs

.v4_bx          0x0000000008006fd4        0x0
 .v4_bx         0x0000000008006fd4        0x0 linker stubs

.iplt           0x0000000008006fd4        0x0
 .iplt          0x0000000008006fd4        0x0 c:/st/stm32cubeide_1.5.1/stm32cubeide/plugins/com.st.stm32cube.ide.mcu.externaltools.gnu-tools-for-stm32.7-2018-q2-update.win32_1.5.0.202011040924/tools/bin/../lib/gcc/arm-none-eabi/7.3.1/thumb/v7e-m/fpv4-sp/hard/crtbegin.o

.rodata         0x0000000008006fd4      0x27c
                0x0000000008006fd4                . = ALIGN (0x4)
 *(.rodata)
 .rodata        0x0000000008006fd4       0xdc Core/Src/main.o
 .rodata        0x00000000080070b0        0x5 Middlewares/Third_Party/FreeRTOS/Source/tasks.o
 *fill*         0x00000000080070b5        0x3 
 .rodata        0x00000000080070b8        0xd Middlewares/Third_Party/FreeRTOS/Source/timers.o
 *(.rodata*)
 *fill*         0x00000000080070c5        0x3 
 .rodata.newline_str
                0x00000000080070c8        0x3 Core/Src/console.o
                0x00000000080070c8                newline_str
 *fill*         0x00000000080070cb        0x1 
 .rodata.defaultTask_attributes
                0x00000000080070cc       0x24 Core/Src/main.o
                0x00000000080070cc                defaultTask_attributes
 .rodata.SendRadio_attributes
                0x00000000080070f0       0x24 Core/Src/main.o
                0x00000000080070f0                SendRadio_attributes
 .rodata.ReceiveRadio_attributes
                0x0000000008007114       0x24 Core/Src/main.o
                0x0000000008007114                ReceiveRadio_attributes
 .rodata.SendSms_attributes
                0x0000000008007138       0x24 Core/Src/main.o
                0x0000000008007138                SendSms_attributes
 .rodata.ReceiveSms_attributes
                0x000000000800715c       0x24 Core/Src/main.o
                0x000000000800715c                ReceiveSms_attributes
 .rodata.SendRadioQueue_attributes
                0x0000000008007180       0x18 Core/Src/main.o
                0x0000000008007180                SendRadioQueue_attributes
 .rodata.Queue02_attributes
                0x0000000008007198       0x18 Core/Src/main.o
                0x0000000008007198                Queue02_attributes
 .rodata.ReceiveRadioQueue_attributes
                0x00000000080071b0       0x18 Core/Src/main.o
                0x00000000080071b0                ReceiveRadioQueue_attributes
 .rodata.SendSmsQueue_attributes
                0x00000000080071c8       0x18 Core/Src/main.o
                0x00000000080071c8                SendSmsQueue_attributes
 .rodata.ReceiveSmsQueue_attributes
                0x00000000080071e0       0x18 Core/Src/main.o
                0x00000000080071e0                ReceiveSmsQueue_attributes
 .rodata.TimerScanKeypad_attributes
                0x00000000080071f8       0x10 Core/Src/main.o
                0x00000000080071f8                TimerScanKeypad_attributes
 .rodata.MsgHandlerSema_attributes
                0x0000000008007208       0x10 Core/Src/main.o
                0x0000000008007208                MsgHandlerSema_attributes
 .rodata.SmsHandlerSema_attributes
                0x0000000008007218       0x10 Core/Src/main.o
                0x0000000008007218                SmsHandlerSema_attributes
 .rodata.RadioHandlerSema_attributes
                0x0000000008007228       0x10 Core/Src/main.o
                0x0000000008007228                RadioHandlerSema_attributes
 .rodata.AHBPrescTable
                0x0000000008007238       0x10 Core/Src/system_stm32f7xx.o
                0x0000000008007238                AHBPrescTable
 .rodata.APBPrescTable
                0x0000000008007248        0x8 Core/Src/system_stm32f7xx.o
                0x0000000008007248                APBPrescTable
                0x0000000008007250                . = ALIGN (0x4)

.ARM.extab      0x0000000008007250        0x0
                0x0000000008007250                . = ALIGN (0x4)
 *(.ARM.extab* .gnu.linkonce.armextab.*)
                0x0000000008007250                . = ALIGN (0x4)

.ARM            0x0000000008007250        0x8
                0x0000000008007250                . = ALIGN (0x4)
                0x0000000008007250                __exidx_start = .
 *(.ARM.exidx*)
 .ARM.exidx     0x0000000008007250        0x8 c:/st/stm32cubeide_1.5.1/stm32cubeide/plugins/com.st.stm32cube.ide.mcu.externaltools.gnu-tools-for-stm32.7-2018-q2-update.win32_1.5.0.202011040924/tools/bin/../lib/gcc/arm-none-eabi/7.3.1/thumb/v7e-m/fpv4-sp/hard\libgcc.a(_udivmoddi4.o)
                0x0000000008007258                __exidx_end = .
                0x0000000008007258                . = ALIGN (0x4)

.rel.dyn        0x0000000008007258        0x0
 .rel.iplt      0x0000000008007258        0x0 c:/st/stm32cubeide_1.5.1/stm32cubeide/plugins/com.st.stm32cube.ide.mcu.externaltools.gnu-tools-for-stm32.7-2018-q2-update.win32_1.5.0.202011040924/tools/bin/../lib/gcc/arm-none-eabi/7.3.1/thumb/v7e-m/fpv4-sp/hard/crtbegin.o

.preinit_array  0x0000000008007258        0x0
                0x0000000008007258                . = ALIGN (0x4)
                0x0000000008007258                PROVIDE (__preinit_array_start = .)
 *(.preinit_array*)
                0x0000000008007258                PROVIDE (__preinit_array_end = .)
                0x0000000008007258                . = ALIGN (0x4)

.init_array     0x0000000008007258        0x4
                0x0000000008007258                . = ALIGN (0x4)
                0x0000000008007258                PROVIDE (__init_array_start = .)
 *(SORT_BY_NAME(.init_array.*))
 *(.init_array*)
 .init_array    0x0000000008007258        0x4 c:/st/stm32cubeide_1.5.1/stm32cubeide/plugins/com.st.stm32cube.ide.mcu.externaltools.gnu-tools-for-stm32.7-2018-q2-update.win32_1.5.0.202011040924/tools/bin/../lib/gcc/arm-none-eabi/7.3.1/thumb/v7e-m/fpv4-sp/hard/crtbegin.o
                0x000000000800725c                PROVIDE (__init_array_end = .)
                0x000000000800725c                . = ALIGN (0x4)

.fini_array     0x000000000800725c        0x4
                0x000000000800725c                . = ALIGN (0x4)
                [!provide]                        PROVIDE (__fini_array_start = .)
 *(SORT_BY_NAME(.fini_array.*))
 *(.fini_array*)
 .fini_array    0x000000000800725c        0x4 c:/st/stm32cubeide_1.5.1/stm32cubeide/plugins/com.st.stm32cube.ide.mcu.externaltools.gnu-tools-for-stm32.7-2018-q2-update.win32_1.5.0.202011040924/tools/bin/../lib/gcc/arm-none-eabi/7.3.1/thumb/v7e-m/fpv4-sp/hard/crtbegin.o
                [!provide]                        PROVIDE (__fini_array_end = .)
                0x0000000008007260                . = ALIGN (0x4)
                0x0000000008007260                _sidata = LOADADDR (.data)

.data           0x0000000020000000       0x10 load address 0x0000000008007260
                0x0000000020000000                . = ALIGN (0x4)
                0x0000000020000000                _sdata = .
 *(.data)
 *(.data*)
 .data.SystemCoreClock
                0x0000000020000000        0x4 Core/Src/system_stm32f7xx.o
                0x0000000020000000                SystemCoreClock
 .data.uwTickPrio
                0x0000000020000004        0x4 Drivers/STM32F7xx_HAL_Driver/Src/stm32f7xx_hal.o
                0x0000000020000004                uwTickPrio
 .data.uwTickFreq
                0x0000000020000008        0x1 Drivers/STM32F7xx_HAL_Driver/Src/stm32f7xx_hal.o
                0x0000000020000008                uwTickFreq
 *fill*         0x0000000020000009        0x3 
 .data.uxCriticalNesting
                0x000000002000000c        0x4 Middlewares/Third_Party/FreeRTOS/Source/portable/GCC/ARM_CM7/r0p1/port.o
 *(.RamFunc)
 *(.RamFunc*)
                0x0000000020000010                . = ALIGN (0x4)
                0x0000000020000010                _edata = .

.igot.plt       0x0000000020000010        0x0 load address 0x0000000008007270
 .igot.plt      0x0000000020000010        0x0 c:/st/stm32cubeide_1.5.1/stm32cubeide/plugins/com.st.stm32cube.ide.mcu.externaltools.gnu-tools-for-stm32.7-2018-q2-update.win32_1.5.0.202011040924/tools/bin/../lib/gcc/arm-none-eabi/7.3.1/thumb/v7e-m/fpv4-sp/hard/crtbegin.o
                0x0000000020000010                . = ALIGN (0x4)

.bss            0x0000000020000010     0x5730 load address 0x0000000008007270
                0x0000000020000010                _sbss = .
                0x0000000020000010                __bss_start__ = _sbss
 *(.bss)
 .bss           0x0000000020000010       0x1c c:/st/stm32cubeide_1.5.1/stm32cubeide/plugins/com.st.stm32cube.ide.mcu.externaltools.gnu-tools-for-stm32.7-2018-q2-update.win32_1.5.0.202011040924/tools/bin/../lib/gcc/arm-none-eabi/7.3.1/thumb/v7e-m/fpv4-sp/hard/crtbegin.o
 *(.bss*)
 .bss.KernelState
                0x000000002000002c        0x4 Middlewares/Third_Party/FreeRTOS/Source/CMSIS_RTOS_V2/cmsis_os2.o
 .bss.Idle_TCB  0x0000000020000030       0x5c Middlewares/Third_Party/FreeRTOS/Source/CMSIS_RTOS_V2/cmsis_os2.o
 .bss.Idle_Stack
                0x000000002000008c      0x200 Middlewares/Third_Party/FreeRTOS/Source/CMSIS_RTOS_V2/cmsis_os2.o
 .bss.Timer_TCB
                0x000000002000028c       0x5c Middlewares/Third_Party/FreeRTOS/Source/CMSIS_RTOS_V2/cmsis_os2.o
 .bss.Timer_Stack
                0x00000000200002e8      0x400 Middlewares/Third_Party/FreeRTOS/Source/CMSIS_RTOS_V2/cmsis_os2.o
 .bss.pxCurrentTCB
                0x00000000200006e8        0x4 Middlewares/Third_Party/FreeRTOS/Source/tasks.o
                0x00000000200006e8                pxCurrentTCB
 .bss.pxReadyTasksLists
                0x00000000200006ec      0x460 Middlewares/Third_Party/FreeRTOS/Source/tasks.o
 .bss.xDelayedTaskList1
                0x0000000020000b4c       0x14 Middlewares/Third_Party/FreeRTOS/Source/tasks.o
 .bss.xDelayedTaskList2
                0x0000000020000b60       0x14 Middlewares/Third_Party/FreeRTOS/Source/tasks.o
 .bss.pxDelayedTaskList
                0x0000000020000b74        0x4 Middlewares/Third_Party/FreeRTOS/Source/tasks.o
 .bss.pxOverflowDelayedTaskList
                0x0000000020000b78        0x4 Middlewares/Third_Party/FreeRTOS/Source/tasks.o
 .bss.xPendingReadyList
                0x0000000020000b7c       0x14 Middlewares/Third_Party/FreeRTOS/Source/tasks.o
 .bss.xTasksWaitingTermination
                0x0000000020000b90       0x14 Middlewares/Third_Party/FreeRTOS/Source/tasks.o
 .bss.uxDeletedTasksWaitingCleanUp
                0x0000000020000ba4        0x4 Middlewares/Third_Party/FreeRTOS/Source/tasks.o
 .bss.xSuspendedTaskList
                0x0000000020000ba8       0x14 Middlewares/Third_Party/FreeRTOS/Source/tasks.o
 .bss.uxCurrentNumberOfTasks
                0x0000000020000bbc        0x4 Middlewares/Third_Party/FreeRTOS/Source/tasks.o
 .bss.xTickCount
                0x0000000020000bc0        0x4 Middlewares/Third_Party/FreeRTOS/Source/tasks.o
 .bss.uxTopReadyPriority
                0x0000000020000bc4        0x4 Middlewares/Third_Party/FreeRTOS/Source/tasks.o
 .bss.xSchedulerRunning
                0x0000000020000bc8        0x4 Middlewares/Third_Party/FreeRTOS/Source/tasks.o
 .bss.uxPendedTicks
                0x0000000020000bcc        0x4 Middlewares/Third_Party/FreeRTOS/Source/tasks.o
 .bss.xYieldPending
                0x0000000020000bd0        0x4 Middlewares/Third_Party/FreeRTOS/Source/tasks.o
 .bss.xNumOfOverflows
                0x0000000020000bd4        0x4 Middlewares/Third_Party/FreeRTOS/Source/tasks.o
 .bss.uxTaskNumber
                0x0000000020000bd8        0x4 Middlewares/Third_Party/FreeRTOS/Source/tasks.o
 .bss.xNextTaskUnblockTime
                0x0000000020000bdc        0x4 Middlewares/Third_Party/FreeRTOS/Source/tasks.o
 .bss.xIdleTaskHandle
                0x0000000020000be0        0x4 Middlewares/Third_Party/FreeRTOS/Source/tasks.o
 .bss.uxSchedulerSuspended
                0x0000000020000be4        0x4 Middlewares/Third_Party/FreeRTOS/Source/tasks.o
 .bss.xActiveTimerList1
                0x0000000020000be8       0x14 Middlewares/Third_Party/FreeRTOS/Source/timers.o
 .bss.xActiveTimerList2
                0x0000000020000bfc       0x14 Middlewares/Third_Party/FreeRTOS/Source/timers.o
 .bss.pxCurrentTimerList
                0x0000000020000c10        0x4 Middlewares/Third_Party/FreeRTOS/Source/timers.o
 .bss.pxOverflowTimerList
                0x0000000020000c14        0x4 Middlewares/Third_Party/FreeRTOS/Source/timers.o
 .bss.xTimerQueue
                0x0000000020000c18        0x4 Middlewares/Third_Party/FreeRTOS/Source/timers.o
 .bss.xTimerTaskHandle
                0x0000000020000c1c        0x4 Middlewares/Third_Party/FreeRTOS/Source/timers.o
 .bss.xLastTime.6741
                0x0000000020000c20        0x4 Middlewares/Third_Party/FreeRTOS/Source/timers.o
 .bss.ucStaticTimerQueueStorage.6792
                0x0000000020000c24       0xa0 Middlewares/Third_Party/FreeRTOS/Source/timers.o
 .bss.xStaticTimerQueue.6791
                0x0000000020000cc4       0x50 Middlewares/Third_Party/FreeRTOS/Source/timers.o
 .bss.ucMaxSysCallPriority
                0x0000000020000d14        0x1 Middlewares/Third_Party/FreeRTOS/Source/portable/GCC/ARM_CM7/r0p1/port.o
 *fill*         0x0000000020000d15        0x3 
 .bss.ulMaxPRIGROUPValue
                0x0000000020000d18        0x4 Middlewares/Third_Party/FreeRTOS/Source/portable/GCC/ARM_CM7/r0p1/port.o
 .bss.ucHeap    0x0000000020000d1c     0x3c00 Middlewares/Third_Party/FreeRTOS/Source/portable/MemMang/heap_4.o
 .bss.xStart    0x000000002000491c        0x8 Middlewares/Third_Party/FreeRTOS/Source/portable/MemMang/heap_4.o
 .bss.pxEnd     0x0000000020004924        0x4 Middlewares/Third_Party/FreeRTOS/Source/portable/MemMang/heap_4.o
 .bss.xFreeBytesRemaining
                0x0000000020004928        0x4 Middlewares/Third_Party/FreeRTOS/Source/portable/MemMang/heap_4.o
 .bss.xMinimumEverFreeBytesRemaining
                0x000000002000492c        0x4 Middlewares/Third_Party/FreeRTOS/Source/portable/MemMang/heap_4.o
 .bss.xBlockAllocatedBit
                0x0000000020004930        0x4 Middlewares/Third_Party/FreeRTOS/Source/portable/MemMang/heap_4.o
 *(COMMON)
 COMMON         0x0000000020004934        0xc Core/Src/console.o
                0x0000000020004934                console
 COMMON         0x0000000020004940      0x4bc Core/Src/main.o
                0x0000000020004940                ReceiveRadioQueueHandle
                0x0000000020004944                defaultTaskHandle
                0x0000000020004948                TimerScanKeypadHandle
                0x000000002000494c                ReceiveSmsQueueHandle
                0x0000000020004950                huart3
                0x00000000200049d0                hpcd_USB_OTG_FS
                0x0000000020004dd4                ReceiveSmsHandle
                0x0000000020004dd8                SendSmsHandle
                0x0000000020004ddc                SendSmsQueueHandle
                0x0000000020004de0                MsgHandlerSemaHandle
                0x0000000020004de4                SendRadioQueueHandle
                0x0000000020004de8                SendRadioHandle
                0x0000000020004dec                SmsHandlerSemaHandle
                0x0000000020004df0                RadioHandlerSemaHandle
                0x0000000020004df4                Queue02Handle
                0x0000000020004df8                ReceiveRadioHandle
 COMMON         0x0000000020004dfc      0x8c0 Core/Src/msg.o
                0x0000000020004dfc                msg_repo
 COMMON         0x00000000200056bc       0x40 Core/Src/stm32f7xx_hal_timebase_tim.o
                0x00000000200056bc                htim7
 COMMON         0x00000000200056fc        0x4 Drivers/STM32F7xx_HAL_Driver/Src/stm32f7xx_hal.o
                0x00000000200056fc                uwTick
 COMMON         0x0000000020005700       0x40 Middlewares/Third_Party/FreeRTOS/Source/queue.o
                0x0000000020005700                xQueueRegistry
                0x0000000020005740                . = ALIGN (0x4)
                0x0000000020005740                _ebss = .
                0x0000000020005740                __bss_end__ = _ebss

._user_heap_stack
                0x0000000020005740      0x600 load address 0x0000000008007270
                0x0000000020005740                . = ALIGN (0x8)
                [!provide]                        PROVIDE (end = .)
                0x0000000020005740                PROVIDE (_end = .)
                0x0000000020005940                . = (. + _Min_Heap_Size)
 *fill*         0x0000000020005740      0x200 
                0x0000000020005d40                . = (. + _Min_Stack_Size)
 *fill*         0x0000000020005940      0x400 
                0x0000000020005d40                . = ALIGN (0x8)

/DISCARD/
 libc.a(*)
 libm.a(*)
 libgcc.a(*)

.ARM.attributes
                0x0000000000000000       0x30
 *(.ARM.attributes)
 .ARM.attributes
                0x0000000000000000       0x22 c:/st/stm32cubeide_1.5.1/stm32cubeide/plugins/com.st.stm32cube.ide.mcu.externaltools.gnu-tools-for-stm32.7-2018-q2-update.win32_1.5.0.202011040924/tools/bin/../lib/gcc/arm-none-eabi/7.3.1/thumb/v7e-m/fpv4-sp/hard/crti.o
 .ARM.attributes
                0x0000000000000022       0x34 c:/st/stm32cubeide_1.5.1/stm32cubeide/plugins/com.st.stm32cube.ide.mcu.externaltools.gnu-tools-for-stm32.7-2018-q2-update.win32_1.5.0.202011040924/tools/bin/../lib/gcc/arm-none-eabi/7.3.1/thumb/v7e-m/fpv4-sp/hard/crtbegin.o
 .ARM.attributes
                0x0000000000000056       0x39 Core/Src/console.o
 .ARM.attributes
                0x000000000000008f       0x39 Core/Src/main.o
 .ARM.attributes
                0x00000000000000c8       0x39 Core/Src/msg.o
 .ARM.attributes
                0x0000000000000101       0x39 Core/Src/stm32f7xx_hal_msp.o
 .ARM.attributes
                0x000000000000013a       0x39 Core/Src/stm32f7xx_hal_timebase_tim.o
 .ARM.attributes
                0x0000000000000173       0x39 Core/Src/stm32f7xx_it.o
 .ARM.attributes
                0x00000000000001ac       0x39 Core/Src/system_stm32f7xx.o
 .ARM.attributes
                0x00000000000001e5       0x21 Core/Startup/startup_stm32f746zgtx.o
 .ARM.attributes
                0x0000000000000206       0x39 Drivers/STM32F7xx_HAL_Driver/Src/stm32f7xx_hal.o
 .ARM.attributes
                0x000000000000023f       0x39 Drivers/STM32F7xx_HAL_Driver/Src/stm32f7xx_hal_cortex.o
 .ARM.attributes
                0x0000000000000278       0x39 Drivers/STM32F7xx_HAL_Driver/Src/stm32f7xx_hal_gpio.o
 .ARM.attributes
                0x00000000000002b1       0x39 Drivers/STM32F7xx_HAL_Driver/Src/stm32f7xx_hal_pcd.o
 .ARM.attributes
                0x00000000000002ea       0x39 Drivers/STM32F7xx_HAL_Driver/Src/stm32f7xx_hal_pcd_ex.o
 .ARM.attributes
                0x0000000000000323       0x39 Drivers/STM32F7xx_HAL_Driver/Src/stm32f7xx_hal_pwr.o
 .ARM.attributes
                0x000000000000035c       0x39 Drivers/STM32F7xx_HAL_Driver/Src/stm32f7xx_hal_rcc.o
 .ARM.attributes
                0x0000000000000395       0x39 Drivers/STM32F7xx_HAL_Driver/Src/stm32f7xx_hal_rcc_ex.o
 .ARM.attributes
                0x00000000000003ce       0x39 Drivers/STM32F7xx_HAL_Driver/Src/stm32f7xx_hal_tim.o
 .ARM.attributes
                0x0000000000000407       0x39 Drivers/STM32F7xx_HAL_Driver/Src/stm32f7xx_hal_tim_ex.o
 .ARM.attributes
                0x0000000000000440       0x39 Drivers/STM32F7xx_HAL_Driver/Src/stm32f7xx_hal_uart.o
 .ARM.attributes
                0x0000000000000479       0x39 Drivers/STM32F7xx_HAL_Driver/Src/stm32f7xx_ll_usb.o
 .ARM.attributes
                0x00000000000004b2       0x39 Middlewares/Third_Party/FreeRTOS/Source/CMSIS_RTOS_V2/cmsis_os2.o
 .ARM.attributes
                0x00000000000004eb       0x39 Middlewares/Third_Party/FreeRTOS/Source/list.o
 .ARM.attributes
                0x0000000000000524       0x39 Middlewares/Third_Party/FreeRTOS/Source/queue.o
 .ARM.attributes
                0x000000000000055d       0x39 Middlewares/Third_Party/FreeRTOS/Source/tasks.o
 .ARM.attributes
                0x0000000000000596       0x39 Middlewares/Third_Party/FreeRTOS/Source/timers.o
 .ARM.attributes
                0x00000000000005cf       0x39 Middlewares/Third_Party/FreeRTOS/Source/portable/GCC/ARM_CM7/r0p1/port.o
 .ARM.attributes
                0x0000000000000608       0x39 Middlewares/Third_Party/FreeRTOS/Source/portable/MemMang/heap_4.o
 .ARM.attributes
                0x0000000000000641       0x34 c:/st/stm32cubeide_1.5.1/stm32cubeide/plugins/com.st.stm32cube.ide.mcu.externaltools.gnu-tools-for-stm32.7-2018-q2-update.win32_1.5.0.202011040924/tools/bin/../lib/gcc/arm-none-eabi/7.3.1/../../../../arm-none-eabi/lib/thumb/v7e-m/fpv4-sp/hard\libc_nano.a(lib_a-init.o)
 .ARM.attributes
                0x0000000000000675       0x34 c:/st/stm32cubeide_1.5.1/stm32cubeide/plugins/com.st.stm32cube.ide.mcu.externaltools.gnu-tools-for-stm32.7-2018-q2-update.win32_1.5.0.202011040924/tools/bin/../lib/gcc/arm-none-eabi/7.3.1/../../../../arm-none-eabi/lib/thumb/v7e-m/fpv4-sp/hard\libc_nano.a(lib_a-memcpy-stub.o)
 .ARM.attributes
                0x00000000000006a9       0x34 c:/st/stm32cubeide_1.5.1/stm32cubeide/plugins/com.st.stm32cube.ide.mcu.externaltools.gnu-tools-for-stm32.7-2018-q2-update.win32_1.5.0.202011040924/tools/bin/../lib/gcc/arm-none-eabi/7.3.1/../../../../arm-none-eabi/lib/thumb/v7e-m/fpv4-sp/hard\libc_nano.a(lib_a-memset.o)
 .ARM.attributes
                0x00000000000006dd       0x1b c:/st/stm32cubeide_1.5.1/stm32cubeide/plugins/com.st.stm32cube.ide.mcu.externaltools.gnu-tools-for-stm32.7-2018-q2-update.win32_1.5.0.202011040924/tools/bin/../lib/gcc/arm-none-eabi/7.3.1/../../../../arm-none-eabi/lib/thumb/v7e-m/fpv4-sp/hard\libc_nano.a(lib_a-strlen.o)
 .ARM.attributes
                0x00000000000006f8       0x22 c:/st/stm32cubeide_1.5.1/stm32cubeide/plugins/com.st.stm32cube.ide.mcu.externaltools.gnu-tools-for-stm32.7-2018-q2-update.win32_1.5.0.202011040924/tools/bin/../lib/gcc/arm-none-eabi/7.3.1/thumb/v7e-m/fpv4-sp/hard\libgcc.a(_aeabi_uldivmod.o)
 .ARM.attributes
                0x000000000000071a       0x34 c:/st/stm32cubeide_1.5.1/stm32cubeide/plugins/com.st.stm32cube.ide.mcu.externaltools.gnu-tools-for-stm32.7-2018-q2-update.win32_1.5.0.202011040924/tools/bin/../lib/gcc/arm-none-eabi/7.3.1/thumb/v7e-m/fpv4-sp/hard\libgcc.a(_udivmoddi4.o)
 .ARM.attributes
                0x000000000000074e       0x22 c:/st/stm32cubeide_1.5.1/stm32cubeide/plugins/com.st.stm32cube.ide.mcu.externaltools.gnu-tools-for-stm32.7-2018-q2-update.win32_1.5.0.202011040924/tools/bin/../lib/gcc/arm-none-eabi/7.3.1/thumb/v7e-m/fpv4-sp/hard\libgcc.a(_dvmd_tls.o)
 .ARM.attributes
                0x0000000000000770       0x22 c:/st/stm32cubeide_1.5.1/stm32cubeide/plugins/com.st.stm32cube.ide.mcu.externaltools.gnu-tools-for-stm32.7-2018-q2-update.win32_1.5.0.202011040924/tools/bin/../lib/gcc/arm-none-eabi/7.3.1/thumb/v7e-m/fpv4-sp/hard/crtn.o
OUTPUT(STM32F746_SMS_RFM_Gateway.elf elf32-littlearm)

.debug_info     0x0000000000000000    0x1f295
 .debug_info    0x0000000000000000     0x1172 Core/Src/console.o
 .debug_info    0x0000000000001172     0x24a1 Core/Src/main.o
 .debug_info    0x0000000000003613      0xb35 Core/Src/msg.o
 .debug_info    0x0000000000004148     0x11b8 Core/Src/stm32f7xx_hal_msp.o
 .debug_info    0x0000000000005300      0xbe7 Core/Src/stm32f7xx_hal_timebase_tim.o
 .debug_info    0x0000000000005ee7      0xac7 Core/Src/stm32f7xx_it.o
 .debug_info    0x00000000000069ae      0x73d Core/Src/system_stm32f7xx.o
 .debug_info    0x00000000000070eb       0x22 Core/Startup/startup_stm32f746zgtx.o
 .debug_info    0x000000000000710d      0x9d3 Drivers/STM32F7xx_HAL_Driver/Src/stm32f7xx_hal.o
 .debug_info    0x0000000000007ae0     0x104a Drivers/STM32F7xx_HAL_Driver/Src/stm32f7xx_hal_cortex.o
 .debug_info    0x0000000000008b2a      0x7dc Drivers/STM32F7xx_HAL_Driver/Src/stm32f7xx_hal_gpio.o
 .debug_info    0x0000000000009306     0x1147 Drivers/STM32F7xx_HAL_Driver/Src/stm32f7xx_hal_pcd.o
 .debug_info    0x000000000000a44d      0x810 Drivers/STM32F7xx_HAL_Driver/Src/stm32f7xx_hal_pcd_ex.o
 .debug_info    0x000000000000ac5d      0x9b4 Drivers/STM32F7xx_HAL_Driver/Src/stm32f7xx_hal_pwr.o
 .debug_info    0x000000000000b611      0x935 Drivers/STM32F7xx_HAL_Driver/Src/stm32f7xx_hal_rcc.o
 .debug_info    0x000000000000bf46      0x7ad Drivers/STM32F7xx_HAL_Driver/Src/stm32f7xx_hal_rcc_ex.o
 .debug_info    0x000000000000c6f3     0x25a2 Drivers/STM32F7xx_HAL_Driver/Src/stm32f7xx_hal_tim.o
 .debug_info    0x000000000000ec95     0x121c Drivers/STM32F7xx_HAL_Driver/Src/stm32f7xx_hal_tim_ex.o
 .debug_info    0x000000000000feb1     0x16d1 Drivers/STM32F7xx_HAL_Driver/Src/stm32f7xx_hal_uart.o
 .debug_info    0x0000000000011582     0x1940 Drivers/STM32F7xx_HAL_Driver/Src/stm32f7xx_ll_usb.o
 .debug_info    0x0000000000012ec2     0x401f Middlewares/Third_Party/FreeRTOS/Source/CMSIS_RTOS_V2/cmsis_os2.o
 .debug_info    0x0000000000016ee1      0xacb Middlewares/Third_Party/FreeRTOS/Source/list.o
 .debug_info    0x00000000000179ac     0x239c Middlewares/Third_Party/FreeRTOS/Source/queue.o
 .debug_info    0x0000000000019d48     0x29c5 Middlewares/Third_Party/FreeRTOS/Source/tasks.o
 .debug_info    0x000000000001c70d     0x1aba Middlewares/Third_Party/FreeRTOS/Source/timers.o
 .debug_info    0x000000000001e1c7      0x4e4 Middlewares/Third_Party/FreeRTOS/Source/portable/GCC/ARM_CM7/r0p1/port.o
 .debug_info    0x000000000001e6ab      0xbea Middlewares/Third_Party/FreeRTOS/Source/portable/MemMang/heap_4.o

.debug_abbrev   0x0000000000000000     0x39eb
 .debug_abbrev  0x0000000000000000      0x25b Core/Src/console.o
 .debug_abbrev  0x000000000000025b      0x2c6 Core/Src/main.o
 .debug_abbrev  0x0000000000000521      0x20b Core/Src/msg.o
 .debug_abbrev  0x000000000000072c      0x1cd Core/Src/stm32f7xx_hal_msp.o
 .debug_abbrev  0x00000000000008f9      0x19d Core/Src/stm32f7xx_hal_timebase_tim.o
 .debug_abbrev  0x0000000000000a96      0x183 Core/Src/stm32f7xx_it.o
 .debug_abbrev  0x0000000000000c19      0x147 Core/Src/system_stm32f7xx.o
 .debug_abbrev  0x0000000000000d60       0x12 Core/Startup/startup_stm32f746zgtx.o
 .debug_abbrev  0x0000000000000d72      0x1c7 Drivers/STM32F7xx_HAL_Driver/Src/stm32f7xx_hal.o
 .debug_abbrev  0x0000000000000f39      0x2fa Drivers/STM32F7xx_HAL_Driver/Src/stm32f7xx_hal_cortex.o
 .debug_abbrev  0x0000000000001233      0x1c9 Drivers/STM32F7xx_HAL_Driver/Src/stm32f7xx_hal_gpio.o
 .debug_abbrev  0x00000000000013fc      0x266 Drivers/STM32F7xx_HAL_Driver/Src/stm32f7xx_hal_pcd.o
 .debug_abbrev  0x0000000000001662      0x1c0 Drivers/STM32F7xx_HAL_Driver/Src/stm32f7xx_hal_pcd_ex.o
 .debug_abbrev  0x0000000000001822      0x1b6 Drivers/STM32F7xx_HAL_Driver/Src/stm32f7xx_hal_pwr.o
 .debug_abbrev  0x00000000000019d8      0x21a Drivers/STM32F7xx_HAL_Driver/Src/stm32f7xx_hal_rcc.o
 .debug_abbrev  0x0000000000001bf2      0x1ad Drivers/STM32F7xx_HAL_Driver/Src/stm32f7xx_hal_rcc_ex.o
 .debug_abbrev  0x0000000000001d9f      0x230 Drivers/STM32F7xx_HAL_Driver/Src/stm32f7xx_hal_tim.o
 .debug_abbrev  0x0000000000001fcf      0x21e Drivers/STM32F7xx_HAL_Driver/Src/stm32f7xx_hal_tim_ex.o
 .debug_abbrev  0x00000000000021ed      0x205 Drivers/STM32F7xx_HAL_Driver/Src/stm32f7xx_hal_uart.o
 .debug_abbrev  0x00000000000023f2      0x251 Drivers/STM32F7xx_HAL_Driver/Src/stm32f7xx_ll_usb.o
 .debug_abbrev  0x0000000000002643      0x3c3 Middlewares/Third_Party/FreeRTOS/Source/CMSIS_RTOS_V2/cmsis_os2.o
 .debug_abbrev  0x0000000000002a06      0x1cf Middlewares/Third_Party/FreeRTOS/Source/list.o
 .debug_abbrev  0x0000000000002bd5      0x336 Middlewares/Third_Party/FreeRTOS/Source/queue.o
 .debug_abbrev  0x0000000000002f0b      0x350 Middlewares/Third_Party/FreeRTOS/Source/tasks.o
 .debug_abbrev  0x000000000000325b      0x2d7 Middlewares/Third_Party/FreeRTOS/Source/timers.o
 .debug_abbrev  0x0000000000003532      0x21b Middlewares/Third_Party/FreeRTOS/Source/portable/GCC/ARM_CM7/r0p1/port.o
 .debug_abbrev  0x000000000000374d      0x29e Middlewares/Third_Party/FreeRTOS/Source/portable/MemMang/heap_4.o

.debug_aranges  0x0000000000000000     0x17b8
 .debug_aranges
                0x0000000000000000       0x58 Core/Src/console.o
 .debug_aranges
                0x0000000000000058       0x80 Core/Src/main.o
 .debug_aranges
                0x00000000000000d8       0x38 Core/Src/msg.o
 .debug_aranges
                0x0000000000000110       0x40 Core/Src/stm32f7xx_hal_msp.o
 .debug_aranges
                0x0000000000000150       0x30 Core/Src/stm32f7xx_hal_timebase_tim.o
 .debug_aranges
                0x0000000000000180       0x58 Core/Src/stm32f7xx_it.o
 .debug_aranges
                0x00000000000001d8       0x28 Core/Src/system_stm32f7xx.o
 .debug_aranges
                0x0000000000000200       0x28 Core/Startup/startup_stm32f746zgtx.o
 .debug_aranges
                0x0000000000000228      0x100 Drivers/STM32F7xx_HAL_Driver/Src/stm32f7xx_hal.o
 .debug_aranges
                0x0000000000000328      0x118 Drivers/STM32F7xx_HAL_Driver/Src/stm32f7xx_hal_cortex.o
 .debug_aranges
                0x0000000000000440       0x58 Drivers/STM32F7xx_HAL_Driver/Src/stm32f7xx_hal_gpio.o
 .debug_aranges
                0x0000000000000498      0x130 Drivers/STM32F7xx_HAL_Driver/Src/stm32f7xx_hal_pcd.o
 .debug_aranges
                0x00000000000005c8       0x48 Drivers/STM32F7xx_HAL_Driver/Src/stm32f7xx_hal_pcd_ex.o
 .debug_aranges
                0x0000000000000610       0xa0 Drivers/STM32F7xx_HAL_Driver/Src/stm32f7xx_hal_pwr.o
 .debug_aranges
                0x00000000000006b0       0x88 Drivers/STM32F7xx_HAL_Driver/Src/stm32f7xx_hal_rcc.o
 .debug_aranges
                0x0000000000000738       0x50 Drivers/STM32F7xx_HAL_Driver/Src/stm32f7xx_hal_rcc_ex.o
 .debug_aranges
                0x0000000000000788      0x3b8 Drivers/STM32F7xx_HAL_Driver/Src/stm32f7xx_hal_tim.o
 .debug_aranges
                0x0000000000000b40      0x160 Drivers/STM32F7xx_HAL_Driver/Src/stm32f7xx_hal_tim_ex.o
 .debug_aranges
                0x0000000000000ca0      0x210 Drivers/STM32F7xx_HAL_Driver/Src/stm32f7xx_hal_uart.o
 .debug_aranges
                0x0000000000000eb0      0x198 Drivers/STM32F7xx_HAL_Driver/Src/stm32f7xx_ll_usb.o
 .debug_aranges
                0x0000000000001048      0x228 Middlewares/Third_Party/FreeRTOS/Source/CMSIS_RTOS_V2/cmsis_os2.o
 .debug_aranges
                0x0000000000001270       0x40 Middlewares/Third_Party/FreeRTOS/Source/list.o
 .debug_aranges
                0x00000000000012b0      0x158 Middlewares/Third_Party/FreeRTOS/Source/queue.o
 .debug_aranges
                0x0000000000001408      0x1f8 Middlewares/Third_Party/FreeRTOS/Source/tasks.o
 .debug_aranges
                0x0000000000001600       0xe8 Middlewares/Third_Party/FreeRTOS/Source/timers.o
 .debug_aranges
                0x00000000000016e8       0x80 Middlewares/Third_Party/FreeRTOS/Source/portable/GCC/ARM_CM7/r0p1/port.o
 .debug_aranges
                0x0000000000001768       0x50 Middlewares/Third_Party/FreeRTOS/Source/portable/MemMang/heap_4.o

.debug_ranges   0x0000000000000000     0x1610
 .debug_ranges  0x0000000000000000       0x48 Core/Src/console.o
 .debug_ranges  0x0000000000000048       0x70 Core/Src/main.o
 .debug_ranges  0x00000000000000b8       0x28 Core/Src/msg.o
 .debug_ranges  0x00000000000000e0       0x30 Core/Src/stm32f7xx_hal_msp.o
 .debug_ranges  0x0000000000000110       0x20 Core/Src/stm32f7xx_hal_timebase_tim.o
 .debug_ranges  0x0000000000000130       0x48 Core/Src/stm32f7xx_it.o
 .debug_ranges  0x0000000000000178       0x18 Core/Src/system_stm32f7xx.o
 .debug_ranges  0x0000000000000190       0x20 Core/Startup/startup_stm32f746zgtx.o
 .debug_ranges  0x00000000000001b0       0xf0 Drivers/STM32F7xx_HAL_Driver/Src/stm32f7xx_hal.o
 .debug_ranges  0x00000000000002a0      0x108 Drivers/STM32F7xx_HAL_Driver/Src/stm32f7xx_hal_cortex.o
 .debug_ranges  0x00000000000003a8       0x48 Drivers/STM32F7xx_HAL_Driver/Src/stm32f7xx_hal_gpio.o
 .debug_ranges  0x00000000000003f0      0x120 Drivers/STM32F7xx_HAL_Driver/Src/stm32f7xx_hal_pcd.o
 .debug_ranges  0x0000000000000510       0x38 Drivers/STM32F7xx_HAL_Driver/Src/stm32f7xx_hal_pcd_ex.o
 .debug_ranges  0x0000000000000548       0x90 Drivers/STM32F7xx_HAL_Driver/Src/stm32f7xx_hal_pwr.o
 .debug_ranges  0x00000000000005d8       0x78 Drivers/STM32F7xx_HAL_Driver/Src/stm32f7xx_hal_rcc.o
 .debug_ranges  0x0000000000000650       0x40 Drivers/STM32F7xx_HAL_Driver/Src/stm32f7xx_hal_rcc_ex.o
 .debug_ranges  0x0000000000000690      0x3a8 Drivers/STM32F7xx_HAL_Driver/Src/stm32f7xx_hal_tim.o
 .debug_ranges  0x0000000000000a38      0x150 Drivers/STM32F7xx_HAL_Driver/Src/stm32f7xx_hal_tim_ex.o
 .debug_ranges  0x0000000000000b88      0x200 Drivers/STM32F7xx_HAL_Driver/Src/stm32f7xx_hal_uart.o
 .debug_ranges  0x0000000000000d88      0x188 Drivers/STM32F7xx_HAL_Driver/Src/stm32f7xx_ll_usb.o
 .debug_ranges  0x0000000000000f10      0x218 Middlewares/Third_Party/FreeRTOS/Source/CMSIS_RTOS_V2/cmsis_os2.o
 .debug_ranges  0x0000000000001128       0x30 Middlewares/Third_Party/FreeRTOS/Source/list.o
 .debug_ranges  0x0000000000001158      0x148 Middlewares/Third_Party/FreeRTOS/Source/queue.o
 .debug_ranges  0x00000000000012a0      0x1e8 Middlewares/Third_Party/FreeRTOS/Source/tasks.o
 .debug_ranges  0x0000000000001488       0xd8 Middlewares/Third_Party/FreeRTOS/Source/timers.o
 .debug_ranges  0x0000000000001560       0x70 Middlewares/Third_Party/FreeRTOS/Source/portable/GCC/ARM_CM7/r0p1/port.o
 .debug_ranges  0x00000000000015d0       0x40 Middlewares/Third_Party/FreeRTOS/Source/portable/MemMang/heap_4.o

.debug_macro    0x0000000000000000    0x28450
 .debug_macro   0x0000000000000000      0x3ab Core/Src/console.o
 .debug_macro   0x00000000000003ab      0xa5a Core/Src/console.o
 .debug_macro   0x0000000000000e05      0x299 Core/Src/console.o
 .debug_macro   0x000000000000109e       0x2e Core/Src/console.o
 .debug_macro   0x00000000000010cc       0x3b Core/Src/console.o
 .debug_macro   0x0000000000001107       0x22 Core/Src/console.o
 .debug_macro   0x0000000000001129       0x8e Core/Src/console.o
 .debug_macro   0x00000000000011b7       0x51 Core/Src/console.o
 .debug_macro   0x0000000000001208       0xef Core/Src/console.o
 .debug_macro   0x00000000000012f7       0x6a Core/Src/console.o
 .debug_macro   0x0000000000001361      0x1df Core/Src/console.o
 .debug_macro   0x0000000000001540       0x1c Core/Src/console.o
 .debug_macro   0x000000000000155c       0x22 Core/Src/console.o
 .debug_macro   0x000000000000157e       0xdf Core/Src/console.o
 .debug_macro   0x000000000000165d     0x12cd Core/Src/console.o
 .debug_macro   0x000000000000292a      0x11f Core/Src/console.o
 .debug_macro   0x0000000000002a49       0x19 Core/Src/console.o
 .debug_macro   0x0000000000002a62    0x190f0 Core/Src/console.o
 .debug_macro   0x000000000001bb52       0x43 Core/Src/console.o
 .debug_macro   0x000000000001bb95     0x36b4 Core/Src/console.o
 .debug_macro   0x000000000001f249      0x174 Core/Src/console.o
 .debug_macro   0x000000000001f3bd       0x61 Core/Src/console.o
 .debug_macro   0x000000000001f41e     0x18ad Core/Src/console.o
 .debug_macro   0x0000000000020ccb      0x6c4 Core/Src/console.o
 .debug_macro   0x000000000002138f      0x185 Core/Src/console.o
 .debug_macro   0x0000000000021514      0x117 Core/Src/console.o
 .debug_macro   0x000000000002162b      0x1fe Core/Src/console.o
 .debug_macro   0x0000000000021829       0x27 Core/Src/console.o
 .debug_macro   0x0000000000021850      0x24f Core/Src/console.o
 .debug_macro   0x0000000000021a9f       0x41 Core/Src/console.o
 .debug_macro   0x0000000000021ae0       0x58 Core/Src/console.o
 .debug_macro   0x0000000000021b38      0x236 Core/Src/console.o
 .debug_macro   0x0000000000021d6e      0x14f Core/Src/console.o
 .debug_macro   0x0000000000021ebd      0x25b Core/Src/console.o
 .debug_macro   0x0000000000022118       0x12 Core/Src/console.o
 .debug_macro   0x000000000002212a      0x22c Core/Src/console.o
 .debug_macro   0x0000000000022356       0x5a Core/Src/console.o
 .debug_macro   0x00000000000223b0       0xa5 Core/Src/console.o
 .debug_macro   0x0000000000022455      0x12f Core/Src/console.o
 .debug_macro   0x0000000000022584      0x108 Core/Src/console.o
 .debug_macro   0x000000000002268c       0x35 Core/Src/console.o
 .debug_macro   0x00000000000226c1      0xa2f Core/Src/console.o
 .debug_macro   0x00000000000230f0       0x59 Core/Src/console.o
 .debug_macro   0x0000000000023149      0x53c Core/Src/console.o
 .debug_macro   0x0000000000023685       0x44 Core/Src/console.o
 .debug_macro   0x00000000000236c9      0x233 Core/Src/console.o
 .debug_macro   0x00000000000238fc       0xba Core/Src/console.o
 .debug_macro   0x00000000000239b6      0x14e Core/Src/console.o
 .debug_macro   0x0000000000023b04      0x13c Core/Src/console.o
 .debug_macro   0x0000000000023c40       0x1c Core/Src/console.o
 .debug_macro   0x0000000000023c5c       0x46 Core/Src/console.o
 .debug_macro   0x0000000000023ca2       0x18 Core/Src/console.o
 .debug_macro   0x0000000000023cba       0x3c Core/Src/console.o
 .debug_macro   0x0000000000023cf6       0x34 Core/Src/console.o
 .debug_macro   0x0000000000023d2a       0x16 Core/Src/console.o
 .debug_macro   0x0000000000023d40       0x35 Core/Src/console.o
 .debug_macro   0x0000000000023d75      0x32a Core/Src/console.o
 .debug_macro   0x000000000002409f       0x10 Core/Src/console.o
 .debug_macro   0x00000000000240af       0x52 Core/Src/console.o
 .debug_macro   0x0000000000024101       0x1f Core/Src/console.o
 .debug_macro   0x0000000000024120       0x43 Core/Src/console.o
 .debug_macro   0x0000000000024163       0x20 Core/Src/console.o
 .debug_macro   0x0000000000024183      0x1a3 Core/Src/console.o
 .debug_macro   0x0000000000024326       0x10 Core/Src/console.o
 .debug_macro   0x0000000000024336       0x1c Core/Src/console.o
 .debug_macro   0x0000000000024352       0x52 Core/Src/console.o
 .debug_macro   0x00000000000243a4       0x40 Core/Src/console.o
 .debug_macro   0x00000000000243e4       0x10 Core/Src/console.o
 .debug_macro   0x00000000000243f4       0x40 Core/Src/console.o
 .debug_macro   0x0000000000024434       0xd7 Core/Src/console.o
 .debug_macro   0x000000000002450b       0x1c Core/Src/console.o
 .debug_macro   0x0000000000024527       0x3d Core/Src/console.o
 .debug_macro   0x0000000000024564       0x16 Core/Src/console.o
 .debug_macro   0x000000000002457a      0x145 Core/Src/console.o
 .debug_macro   0x00000000000246bf       0x16 Core/Src/console.o
 .debug_macro   0x00000000000246d5       0x20 Core/Src/console.o
 .debug_macro   0x00000000000246f5      0x43e Core/Src/main.o
 .debug_macro   0x0000000000024b33      0x137 Core/Src/main.o
 .debug_macro   0x0000000000024c6a       0x66 Core/Src/main.o
 .debug_macro   0x0000000000024cd0       0x74 Core/Src/main.o
 .debug_macro   0x0000000000024d44       0xdd Core/Src/main.o
 .debug_macro   0x0000000000024e21       0x16 Core/Src/main.o
 .debug_macro   0x0000000000024e37      0x3a5 Core/Src/msg.o
 .debug_macro   0x00000000000251dc      0x216 Core/Src/stm32f7xx_hal_msp.o
 .debug_macro   0x00000000000253f2      0x207 Core/Src/stm32f7xx_hal_timebase_tim.o
 .debug_macro   0x00000000000255f9      0x234 Core/Src/stm32f7xx_it.o
 .debug_macro   0x000000000002582d      0x20d Core/Src/system_stm32f7xx.o
 .debug_macro   0x0000000000025a3a      0x22b Drivers/STM32F7xx_HAL_Driver/Src/stm32f7xx_hal.o
 .debug_macro   0x0000000000025c65      0x207 Drivers/STM32F7xx_HAL_Driver/Src/stm32f7xx_hal_cortex.o
 .debug_macro   0x0000000000025e6c      0x23d Drivers/STM32F7xx_HAL_Driver/Src/stm32f7xx_hal_gpio.o
 .debug_macro   0x00000000000260a9      0x213 Drivers/STM32F7xx_HAL_Driver/Src/stm32f7xx_hal_pcd.o
 .debug_macro   0x00000000000262bc      0x207 Drivers/STM32F7xx_HAL_Driver/Src/stm32f7xx_hal_pcd_ex.o
 .debug_macro   0x00000000000264c3      0x225 Drivers/STM32F7xx_HAL_Driver/Src/stm32f7xx_hal_pwr.o
 .debug_macro   0x00000000000266e8      0x22b Drivers/STM32F7xx_HAL_Driver/Src/stm32f7xx_hal_rcc.o
 .debug_macro   0x0000000000026913      0x207 Drivers/STM32F7xx_HAL_Driver/Src/stm32f7xx_hal_rcc_ex.o
 .debug_macro   0x0000000000026b1a      0x208 Drivers/STM32F7xx_HAL_Driver/Src/stm32f7xx_hal_tim.o
 .debug_macro   0x0000000000026d22      0x207 Drivers/STM32F7xx_HAL_Driver/Src/stm32f7xx_hal_tim_ex.o
 .debug_macro   0x0000000000026f29      0x224 Drivers/STM32F7xx_HAL_Driver/Src/stm32f7xx_hal_uart.o
 .debug_macro   0x000000000002714d      0x207 Drivers/STM32F7xx_HAL_Driver/Src/stm32f7xx_ll_usb.o
 .debug_macro   0x0000000000027354      0x23a Middlewares/Third_Party/FreeRTOS/Source/CMSIS_RTOS_V2/cmsis_os2.o
 .debug_macro   0x000000000002758e       0x10 Middlewares/Third_Party/FreeRTOS/Source/CMSIS_RTOS_V2/cmsis_os2.o
 .debug_macro   0x000000000002759e       0x10 Middlewares/Third_Party/FreeRTOS/Source/CMSIS_RTOS_V2/cmsis_os2.o
 .debug_macro   0x00000000000275ae       0xd3 Middlewares/Third_Party/FreeRTOS/Source/CMSIS_RTOS_V2/cmsis_os2.o
 .debug_macro   0x0000000000027681       0x91 Middlewares/Third_Party/FreeRTOS/Source/CMSIS_RTOS_V2/cmsis_os2.o
 .debug_macro   0x0000000000027712       0x8d Middlewares/Third_Party/FreeRTOS/Source/CMSIS_RTOS_V2/cmsis_os2.o
 .debug_macro   0x000000000002779f       0x9a Middlewares/Third_Party/FreeRTOS/Source/CMSIS_RTOS_V2/cmsis_os2.o
 .debug_macro   0x0000000000027839      0x17a Middlewares/Third_Party/FreeRTOS/Source/list.o
 .debug_macro   0x00000000000279b3      0x209 Middlewares/Third_Party/FreeRTOS/Source/queue.o
 .debug_macro   0x0000000000027bbc       0x87 Middlewares/Third_Party/FreeRTOS/Source/queue.o
 .debug_macro   0x0000000000027c43      0x272 Middlewares/Third_Party/FreeRTOS/Source/tasks.o
 .debug_macro   0x0000000000027eb5       0x10 Middlewares/Third_Party/FreeRTOS/Source/tasks.o
 .debug_macro   0x0000000000027ec5      0x1cf Middlewares/Third_Party/FreeRTOS/Source/timers.o
 .debug_macro   0x0000000000028094       0x97 Middlewares/Third_Party/FreeRTOS/Source/timers.o
 .debug_macro   0x000000000002812b      0x184 Middlewares/Third_Party/FreeRTOS/Source/portable/GCC/ARM_CM7/r0p1/port.o
 .debug_macro   0x00000000000282af      0x1a1 Middlewares/Third_Party/FreeRTOS/Source/portable/MemMang/heap_4.o

.debug_line     0x0000000000000000    0x136f9
 .debug_line    0x0000000000000000      0x9dd Core/Src/console.o
 .debug_line    0x00000000000009dd      0xc1d Core/Src/main.o
 .debug_line    0x00000000000015fa      0x98b Core/Src/msg.o
 .debug_line    0x0000000000001f85      0x79c Core/Src/stm32f7xx_hal_msp.o
 .debug_line    0x0000000000002721      0x767 Core/Src/stm32f7xx_hal_timebase_tim.o
 .debug_line    0x0000000000002e88      0x7fa Core/Src/stm32f7xx_it.o
 .debug_line    0x0000000000003682      0x74c Core/Src/system_stm32f7xx.o
 .debug_line    0x0000000000003dce       0x85 Core/Startup/startup_stm32f746zgtx.o
 .debug_line    0x0000000000003e53      0x95b Drivers/STM32F7xx_HAL_Driver/Src/stm32f7xx_hal.o
 .debug_line    0x00000000000047ae      0xa5c Drivers/STM32F7xx_HAL_Driver/Src/stm32f7xx_hal_cortex.o
 .debug_line    0x000000000000520a      0x940 Drivers/STM32F7xx_HAL_Driver/Src/stm32f7xx_hal_gpio.o
 .debug_line    0x0000000000005b4a      0xcb0 Drivers/STM32F7xx_HAL_Driver/Src/stm32f7xx_hal_pcd.o
 .debug_line    0x00000000000067fa      0x7be Drivers/STM32F7xx_HAL_Driver/Src/stm32f7xx_hal_pcd_ex.o
 .debug_line    0x0000000000006fb8      0x8a0 Drivers/STM32F7xx_HAL_Driver/Src/stm32f7xx_hal_pwr.o
 .debug_line    0x0000000000007858      0x9d1 Drivers/STM32F7xx_HAL_Driver/Src/stm32f7xx_hal_rcc.o
 .debug_line    0x0000000000008229      0x943 Drivers/STM32F7xx_HAL_Driver/Src/stm32f7xx_hal_rcc_ex.o
 .debug_line    0x0000000000008b6c     0x1a78 Drivers/STM32F7xx_HAL_Driver/Src/stm32f7xx_hal_tim.o
 .debug_line    0x000000000000a5e4      0xde3 Drivers/STM32F7xx_HAL_Driver/Src/stm32f7xx_hal_tim_ex.o
 .debug_line    0x000000000000b3c7     0x12e3 Drivers/STM32F7xx_HAL_Driver/Src/stm32f7xx_hal_uart.o
 .debug_line    0x000000000000c6aa      0xe64 Drivers/STM32F7xx_HAL_Driver/Src/stm32f7xx_ll_usb.o
 .debug_line    0x000000000000d50e     0x1e24 Middlewares/Third_Party/FreeRTOS/Source/CMSIS_RTOS_V2/cmsis_os2.o
 .debug_line    0x000000000000f332      0x670 Middlewares/Third_Party/FreeRTOS/Source/list.o
 .debug_line    0x000000000000f9a2     0x10fe Middlewares/Third_Party/FreeRTOS/Source/queue.o
 .debug_line    0x0000000000010aa0     0x1403 Middlewares/Third_Party/FreeRTOS/Source/tasks.o
 .debug_line    0x0000000000011ea3      0xa83 Middlewares/Third_Party/FreeRTOS/Source/timers.o
 .debug_line    0x0000000000012926      0x67d Middlewares/Third_Party/FreeRTOS/Source/portable/GCC/ARM_CM7/r0p1/port.o
 .debug_line    0x0000000000012fa3      0x756 Middlewares/Third_Party/FreeRTOS/Source/portable/MemMang/heap_4.o

.debug_str      0x0000000000000000    0xfad72
 .debug_str     0x0000000000000000    0xebbd6 Core/Src/console.o
                                      0xec382 (size before relaxing)
 .debug_str     0x00000000000ebbd6     0x5a4e Core/Src/main.o
                                      0xf1d7b (size before relaxing)
 .debug_str     0x00000000000f1624       0xe3 Core/Src/msg.o
                                      0xebe6c (size before relaxing)
 .debug_str     0x00000000000f1707      0x60b Core/Src/stm32f7xx_hal_msp.o
                                      0xe8b23 (size before relaxing)
 .debug_str     0x00000000000f1d12       0x98 Core/Src/stm32f7xx_hal_timebase_tim.o
                                      0xe8343 (size before relaxing)
 .debug_str     0x00000000000f1daa       0xf8 Core/Src/stm32f7xx_it.o