main.c:169:5:main	48	static
main.c:317:6:SystemClock_Config	216	static
main.c:372:13:MX_USART3_UART_Init	8	static
main.c:407:13:MX_USB_OTG_FS_PCD_Init	8	static
main.c:442:13:MX_GPIO_Init	56	static
main.c:531:6:StartDefaultTask	16	static
main.c:550:6:StartSendRadio	16	static
main.c:568:6:StartReceiveRadio	144	static
main.c:589:6:StartSendSms	16	static
main.c:607:6:StartReceiveSms	144	static
main.c:644:6:CallbackScanKeypad	16	static
main.c:659:6:HAL_TIM_PeriodElapsedCallback	16	static
main.c:676:6:Error_Handler	4	static,ignoring_inline_asm
