stm32f7xx_hal_uart.c:287:19:HAL_UART_Init	16	static
stm32f7xx_hal_uart.c:360:19:HAL_HalfDuplex_Init	16	static
stm32f7xx_hal_uart.c:433:19:HAL_LIN_Init	16	static
stm32f7xx_hal_uart.c:530:19:HAL_MultiProcessor_Init	24	static
stm32f7xx_hal_uart.c:604:19:HAL_UART_DeInit	16	static
stm32f7xx_hal_uart.c:649:13:HAL_UART_MspInit	16	static
stm32f7xx_hal_uart.c:665:13:HAL_UART_MspDeInit	16	static
stm32f7xx_hal_uart.c:1012:19:HAL_UART_Transmit	48	static
stm32f7xx_hal_uart.c:1097:19:HAL_UART_Receive	48	static
stm32f7xx_hal_uart.c:1182:19:HAL_UART_Transmit_IT	24	static
stm32f7xx_hal_uart.c:1235:19:HAL_UART_Receive_IT	24	static
stm32f7xx_hal_uart.c:1294:19:HAL_UART_Transmit_DMA	24	static
stm32f7xx_hal_uart.c:1370:19:HAL_UART_Receive_DMA	24	static
stm32f7xx_hal_uart.c:1441:19:HAL_UART_DMAPause	24	static
stm32f7xx_hal_uart.c:1475:19:HAL_UART_DMAResume	16	static
stm32f7xx_hal_uart.c:1507:19:HAL_UART_DMAStop	24	static
stm32f7xx_hal_uart.c:1582:19:HAL_UART_Abort	16	static
stm32f7xx_hal_uart.c:1670:19:HAL_UART_AbortTransmit	16	static
stm32f7xx_hal_uart.c:1722:19:HAL_UART_AbortReceive	16	static
stm32f7xx_hal_uart.c:1782:19:HAL_UART_Abort_IT	24	static
stm32f7xx_hal_uart.c:1921:19:HAL_UART_AbortTransmit_IT	16	static
stm32f7xx_hal_uart.c:2005:19:HAL_UART_AbortReceive_IT	16	static
stm32f7xx_hal_uart.c:2089:6:HAL_UART_IRQHandler	40	static
stm32f7xx_hal_uart.c:2295:13:HAL_UART_TxCpltCallback	16	static
stm32f7xx_hal_uart.c:2310:13:HAL_UART_TxHalfCpltCallback	16	static
stm32f7xx_hal_uart.c:2325:13:HAL_UART_RxCpltCallback	16	static
stm32f7xx_hal_uart.c:2340:13:HAL_UART_RxHalfCpltCallback	16	static
stm32f7xx_hal_uart.c:2355:13:HAL_UART_ErrorCallback	16	static
stm32f7xx_hal_uart.c:2370:13:HAL_UART_AbortCpltCallback	16	static
stm32f7xx_hal_uart.c:2385:13:HAL_UART_AbortTransmitCpltCallback	16	static
stm32f7xx_hal_uart.c:2400:13:HAL_UART_AbortReceiveCpltCallback	16	static
stm32f7xx_hal_uart.c:2464:6:HAL_UART_ReceiverTimeout_Config	16	static
stm32f7xx_hal_uart.c:2476:19:HAL_UART_EnableReceiverTimeout	16	static
stm32f7xx_hal_uart.c:2507:19:HAL_UART_DisableReceiverTimeout	16	static
stm32f7xx_hal_uart.c:2538:19:HAL_MultiProcessor_EnableMuteMode	16	static
stm32f7xx_hal_uart.c:2558:19:HAL_MultiProcessor_DisableMuteMode	16	static
stm32f7xx_hal_uart.c:2578:6:HAL_MultiProcessor_EnterMuteMode	16	static
stm32f7xx_hal_uart.c:2588:19:HAL_HalfDuplex_EnableTransmitter	16	static
stm32f7xx_hal_uart.c:2611:19:HAL_HalfDuplex_EnableReceiver	16	static
stm32f7xx_hal_uart.c:2635:19:HAL_LIN_SendBreak	16	static
stm32f7xx_hal_uart.c:2680:23:HAL_UART_GetState	24	static
stm32f7xx_hal_uart.c:2696:10:HAL_UART_GetError	16	static
stm32f7xx_hal_uart.c:2741:19:UART_SetConfig	40	static
stm32f7xx_hal_uart.c:2881:6:UART_AdvFeatureConfig	16	static
stm32f7xx_hal_uart.c:2955:19:UART_CheckIdleState	32	static
stm32f7xx_hal_uart.c:3007:19:UART_WaitOnFlagUntilTimeout	24	static
stm32f7xx_hal_uart.c:3062:13:UART_EndTxTransfer	16	static
stm32f7xx_hal_uart.c:3077:13:UART_EndRxTransfer	16	static
stm32f7xx_hal_uart.c:3096:13:UART_DMATransmitCplt	24	static
stm32f7xx_hal_uart.c:3130:13:UART_DMATxHalfCplt	24	static
stm32f7xx_hal_uart.c:3148:13:UART_DMAReceiveCplt	24	static
stm32f7xx_hal_uart.c:3183:13:UART_DMARxHalfCplt	24	static
stm32f7xx_hal_uart.c:3201:13:UART_DMAError	32	static
stm32f7xx_hal_uart.c:3241:13:UART_DMAAbortOnError	24	static
stm32f7xx_hal_uart.c:3264:13:UART_DMATxAbortCallback	24	static
stm32f7xx_hal_uart.c:3313:13:UART_DMARxAbortCallback	24	static
stm32f7xx_hal_uart.c:3364:13:UART_DMATxOnlyAbortCallback	24	static
stm32f7xx_hal_uart.c:3392:13:UART_DMARxOnlyAbortCallback	24	static
stm32f7xx_hal_uart.c:3424:13:UART_TxISR_8BIT	16	static
stm32f7xx_hal_uart.c:3453:13:UART_TxISR_16BIT	24	static
stm32f7xx_hal_uart.c:3485:13:UART_EndTransmit_IT	16	static
stm32f7xx_hal_uart.c:3510:13:UART_RxISR_8BIT	24	static
stm32f7xx_hal_uart.c:3560:13:UART_RxISR_16BIT	24	static
